Archive member included to satisfy reference by file (symbol)

D:/ITI/Senseit/hei-2018-2019-lab-sens-it-paulze-levoir-lemarec-master/hei-2018-2019-lab-sens-it-paulze-levoir-lemarec-master/sensit-sdk-v2.0.0/sdk/lib\libSENSIT_SDK_V2.0.0.a(addon_sigfox_verified_api.o)
                              D:/ITI/Senseit/hei-2018-2019-lab-sens-it-paulze-levoir-lemarec-master/hei-2018-2019-lab-sens-it-paulze-levoir-lemarec-master/sensit-sdk-v2.0.0/sdk/obj/AT_functions.o (ADDON_SIGFOX_VERIFIED_API_get_version)
D:/ITI/Senseit/hei-2018-2019-lab-sens-it-paulze-levoir-lemarec-master/hei-2018-2019-lab-sens-it-paulze-levoir-lemarec-master/sensit-sdk-v2.0.0/sdk/lib\libSENSIT_SDK_V2.0.0.a(mcu_api.o)
                              D:/ITI/Senseit/hei-2018-2019-lab-sens-it-paulze-levoir-lemarec-master/hei-2018-2019-lab-sens-it-paulze-levoir-lemarec-master/sensit-sdk-v2.0.0/sdk/lib\libSENSIT_SDK_V2.0.0.a(addon_sigfox_verified_api.o) (MCU_API_timer_start)
D:/ITI/Senseit/hei-2018-2019-lab-sens-it-paulze-levoir-lemarec-master/hei-2018-2019-lab-sens-it-paulze-levoir-lemarec-master/sensit-sdk-v2.0.0/sdk/lib\libSENSIT_SDK_V2.0.0.a(nvmem_api.o)
                              D:/ITI/Senseit/hei-2018-2019-lab-sens-it-paulze-levoir-lemarec-master/hei-2018-2019-lab-sens-it-paulze-levoir-lemarec-master/sensit-sdk-v2.0.0/sdk/lib\libSENSIT_SDK_V2.0.0.a(mcu_api.o) (NVMEM_API_get_device_id)
D:/ITI/Senseit/hei-2018-2019-lab-sens-it-paulze-levoir-lemarec-master/hei-2018-2019-lab-sens-it-paulze-levoir-lemarec-master/sensit-sdk-v2.0.0/sdk/lib\libSENSIT_SDK_V2.0.0.a(radio.o)
                              D:/ITI/Senseit/hei-2018-2019-lab-sens-it-paulze-levoir-lemarec-master/hei-2018-2019-lab-sens-it-paulze-levoir-lemarec-master/sensit-sdk-v2.0.0/sdk/lib\libSENSIT_SDK_V2.0.0.a(mcu_api.o) (RADIO_is_600bps)
D:/ITI/Senseit/hei-2018-2019-lab-sens-it-paulze-levoir-lemarec-master/hei-2018-2019-lab-sens-it-paulze-levoir-lemarec-master/sensit-sdk-v2.0.0/sdk/lib\libSENSIT_SDK_V2.0.0.a(rtc.o)
                              D:/ITI/Senseit/hei-2018-2019-lab-sens-it-paulze-levoir-lemarec-master/hei-2018-2019-lab-sens-it-paulze-levoir-lemarec-master/sensit-sdk-v2.0.0/sdk/lib\libSENSIT_SDK_V2.0.0.a(mcu_api.o) (RTC_set_rx_timer)
D:/ITI/Senseit/hei-2018-2019-lab-sens-it-paulze-levoir-lemarec-master/hei-2018-2019-lab-sens-it-paulze-levoir-lemarec-master/sensit-sdk-v2.0.0/sdk/lib\libSENSIT_SDK_V2.0.0.a(sensit_api.o)
                              D:/ITI/Senseit/hei-2018-2019-lab-sens-it-paulze-levoir-lemarec-master/hei-2018-2019-lab-sens-it-paulze-levoir-lemarec-master/sensit-sdk-v2.0.0/sdk/obj/AT_functions.o (SENSIT_API_get_sdk_version)
D:/ITI/Senseit/hei-2018-2019-lab-sens-it-paulze-levoir-lemarec-master/hei-2018-2019-lab-sens-it-paulze-levoir-lemarec-master/sensit-sdk-v2.0.0/sdk/lib\libSENSIT_SDK_V2.0.0.a(sigfox_api.o)
                              D:/ITI/Senseit/hei-2018-2019-lab-sens-it-paulze-levoir-lemarec-master/hei-2018-2019-lab-sens-it-paulze-levoir-lemarec-master/sensit-sdk-v2.0.0/sdk/obj/radio_api.o (SIGFOX_API_open)
D:/ITI/Senseit/hei-2018-2019-lab-sens-it-paulze-levoir-lemarec-master/hei-2018-2019-lab-sens-it-paulze-levoir-lemarec-master/sensit-sdk-v2.0.0/sdk/lib\libSENSIT_SDK_V2.0.0.a(sigfox_internal.o)
                              D:/ITI/Senseit/hei-2018-2019-lab-sens-it-paulze-levoir-lemarec-master/hei-2018-2019-lab-sens-it-paulze-levoir-lemarec-master/sensit-sdk-v2.0.0/sdk/lib\libSENSIT_SDK_V2.0.0.a(sigfox_api.o) (SIGFOX_INT_get_max_micro_channel)
D:/ITI/Senseit/hei-2018-2019-lab-sens-it-paulze-levoir-lemarec-master/hei-2018-2019-lab-sens-it-paulze-levoir-lemarec-master/sensit-sdk-v2.0.0/sdk/lib\libSENSIT_SDK_V2.0.0.a(sigfox_pn.o)
                              D:/ITI/Senseit/hei-2018-2019-lab-sens-it-paulze-levoir-lemarec-master/hei-2018-2019-lab-sens-it-paulze-levoir-lemarec-master/sensit-sdk-v2.0.0/sdk/lib\libSENSIT_SDK_V2.0.0.a(sigfox_internal.o) (SIGFOX_PN_next_pn)
D:/ITI/Senseit/hei-2018-2019-lab-sens-it-paulze-levoir-lemarec-master/hei-2018-2019-lab-sens-it-paulze-levoir-lemarec-master/sensit-sdk-v2.0.0/sdk/lib\libSENSIT_SDK_V2.0.0.a(sigfox_scramb.o)
                              D:/ITI/Senseit/hei-2018-2019-lab-sens-it-paulze-levoir-lemarec-master/hei-2018-2019-lab-sens-it-paulze-levoir-lemarec-master/sensit-sdk-v2.0.0/sdk/lib\libSENSIT_SDK_V2.0.0.a(sigfox_internal.o) (SIGFOX_SCRAMB_compute)
D:/ITI/Senseit/hei-2018-2019-lab-sens-it-paulze-levoir-lemarec-master/hei-2018-2019-lab-sens-it-paulze-levoir-lemarec-master/sensit-sdk-v2.0.0/sdk/lib\libSENSIT_SDK_V2.0.0.a(sleep.o)
                              D:/ITI/Senseit/hei-2018-2019-lab-sens-it-paulze-levoir-lemarec-master/hei-2018-2019-lab-sens-it-paulze-levoir-lemarec-master/sensit-sdk-v2.0.0/sdk/lib\libSENSIT_SDK_V2.0.0.a(rtc.o) (SLEEP_handler)
D:/ITI/Senseit/hei-2018-2019-lab-sens-it-paulze-levoir-lemarec-master/hei-2018-2019-lab-sens-it-paulze-levoir-lemarec-master/sensit-sdk-v2.0.0/sdk/lib\libSENSIT_SDK_V2.0.0.a(spi.o)
[...]
Memory Configuration

Name             Origin             Length             Attributes
RAM              0x20000000         0x00001800         xrw
ROM              0x08000000         0x00007400         xr
*default*        0x00000000         0xffffffff

Linker script and memory map

LOAD D:/ITI/Senseit/hei-2018-2019-lab-sens-it-paulze-levoir-lemarec-master/hei-2018-2019-lab-sens-it-paulze-levoir-lemarec-master/sensit-sdk-v2.0.0/sdk/obj/error.o
LOAD D:/ITI/Senseit/hei-2018-2019-lab-sens-it-paulze-levoir-lemarec-master/hei-2018-2019-lab-sens-it-paulze-levoir-lemarec-master/sensit-sdk-v2.0.0/sdk/obj/button.o
LOAD D:/ITI/Senseit/hei-2018-2019-lab-sens-it-paulze-levoir-lemarec-master/hei-2018-2019-lab-sens-it-paulze-levoir-lemarec-master/sensit-sdk-v2.0.0/sdk/obj/battery.o
LOAD D:/ITI/Senseit/hei-2018-2019-lab-sens-it-paulze-levoir-lemarec-master/hei-2018-2019-lab-sens-it-paulze-levoir-lemarec-master/sensit-sdk-v2.0.0/sdk/obj/callback.o
LOAD D:/ITI/Senseit/hei-2018-2019-lab-sens-it-paulze-levoir-lemarec-master/hei-2018-2019-lab-sens-it-paulze-levoir-lemarec-master/sensit-sdk-v2.0.0/sdk/obj/serial.o
LOAD D:/ITI/Senseit/hei-2018-2019-lab-sens-it-paulze-levoir-lemarec-master/hei-2018-2019-lab-sens-it-paulze-levoir-lemarec-master/sensit-sdk-v2.0.0/sdk/obj/radio_api.o
LOAD D:/ITI/Senseit/hei-2018-2019-lab-sens-it-paulze-levoir-lemarec-master/hei-2018-2019-lab-sens-it-paulze-levoir-lemarec-master/sensit-sdk-v2.0.0/sdk/obj/etsi.o
LOAD D:/ITI/Senseit/hei-2018-2019-lab-sens-it-paulze-levoir-lemarec-master/hei-2018-2019-lab-sens-it-paulze-levoir-lemarec-master/sensit-sdk-v2.0.0/sdk/obj/fcc.o
LOAD D:/ITI/Senseit/hei-2018-2019-lab-sens-it-paulze-levoir-lemarec-master/hei-2018-2019-lab-sens-it-paulze-levoir-lemarec-master/sensit-sdk-v2.0.0/sdk/obj/hts221.o
LOAD D:/ITI/Senseit/hei-2018-2019-lab-sens-it-paulze-levoir-lemarec-master/hei-2018-2019-lab-sens-it-paulze-levoir-lemarec-master/sensit-sdk-v2.0.0/sdk/obj/ltr329.o
LOAD D:/ITI/Senseit/hei-2018-2019-lab-sens-it-paulze-levoir-lemarec-master/hei-2018-2019-lab-sens-it-paulze-levoir-lemarec-master/sensit-sdk-v2.0.0/sdk/obj/fxos8700.o
LOAD D:/ITI/Senseit/hei-2018-2019-lab-sens-it-paulze-levoir-lemarec-master/hei-2018-2019-lab-sens-it-paulze-levoir-lemarec-master/sensit-sdk-v2.0.0/sdk/obj/AT_parser.o
LOAD D:/ITI/Senseit/hei-2018-2019-lab-sens-it-paulze-levoir-lemarec-master/hei-2018-2019-lab-sens-it-paulze-levoir-lemarec-master/sensit-sdk-v2.0.0/sdk/obj/AT_functions.o
LOAD D:/ITI/Senseit/hei-2018-2019-lab-sens-it-paulze-levoir-lemarec-master/hei-2018-2019-lab-sens-it-paulze-levoir-lemarec-master/sensit-sdk-v2.0.0/sdk/obj/discovery.o
LOAD D:/ITI/Senseit/hei-2018-2019-lab-sens-it-paulze-levoir-lemarec-master/hei-2018-2019-lab-sens-it-paulze-levoir-lemarec-master/sensit-sdk-v2.0.0/sdk/obj/main.o
LOAD D:/ITI/Senseit/hei-2018-2019-lab-sens-it-paulze-levoir-lemarec-master/hei-2018-2019-lab-sens-it-paulze-levoir-lemarec-master/sensit-sdk-v2.0.0/sdk/lib\libSENSIT_SDK_V2.0.0.a
                0x20001800                _estack = 0x20001800
                0x00000000                _Min_Heap_Size = 0x0
                0x00000400                _Min_Stack_Size = 0x400

.isr_vector     0x08000000       0xc0
                0x08000000                . = ALIGN (0x4)
 *(.isr_vector)
 .isr_vector    0x08000000       0xc0 D:/ITI/Senseit/hei-2018-2019-lab-sens-it-paulze-levoir-lemarec-master/hei-2018-2019-lab-sens-it-paulze-levoir-lemarec-master/sensit-sdk-v2.0.0/sdk/lib\libSENSIT_SDK_V2.0.0.a(startup_stm32f042x6.o)
                0x08000000                g_pfnVectors
                0x080000c0                . = ALIGN (0x4)

.text           0x080000c0     0x5734
                0x080000c0                . = ALIGN (0x4)
 *(.text)
 .text          0x080000c0       0x14 c:/program files (x86)/gnu tools arm embedded/7 2018-q2-update/bin/../lib/gcc/arm-none-eabi/7.3.1/thumb/v6-m\libgcc.a(_thumb1_case_uqi.o)
                0x080000c0                __gnu_thumb1_case_uqi
 .text          0x080000d4       0x14 c:/program files (x86)/gnu tools arm embedded/7 2018-q2-update/bin/../lib/gcc/arm-none-eabi/7.3.1/thumb/v6-m\libgcc.a(_thumb1_case_uhi.o)
                0x080000d4                __gnu_thumb1_case_uhi
 .text          0x080000e8      0x114 c:/program files (x86)/gnu tools arm embedded/7 2018-q2-update/bin/../lib/gcc/arm-none-eabi/7.3.1/thumb/v6-m\libgcc.a(_udivsi3.o)
                0x080000e8                __aeabi_uidiv
                0x080000e8                __udivsi3
                0x080001f4                __aeabi_uidivmod
 .text          0x080001fc      0x1d4 c:/program files (x86)/gnu tools arm embedded/7 2018-q2-update/bin/../lib/gcc/arm-none-eabi/7.3.1/thumb/v6-m\libgcc.a(_divsi3.o)
                0x080001fc                __divsi3
                0x080001fc                __aeabi_idiv
                0x080003c8                __aeabi_idivmod
 .text          0x080003d0        0x4 c:/program files (x86)/gnu tools arm embedded/7 2018-q2-update/bin/../lib/gcc/arm-none-eabi/7.3.1/thumb/v6-m\libgcc.a(_dvmd_tls.o)
                0x080003d0                __aeabi_idiv0
                0x080003d0                __aeabi_ldiv0
 .text          0x080003d4       0x30 c:/program files (x86)/gnu tools arm embedded/7 2018-q2-update/bin/../lib/gcc/arm-none-eabi/7.3.1/thumb/v6-m\libgcc.a(_fixunssfsi.o)
                0x080003d4                __fixunssfsi
                0x080003d4                __aeabi_f2uiz
 .text          0x08000404      0x224 c:/program files (x86)/gnu tools arm embedded/7 2018-q2-update/bin/../lib/gcc/arm-none-eabi/7.3.1/thumb/v6-m\libgcc.a(divsf3.o)
                0x08000404                __aeabi_fdiv
 .text          0x08000628      0x264 c:/program files (x86)/gnu tools arm embedded/7 2018-q2-update/bin/../lib/gcc/arm-none-eabi/7.3.1/thumb/v6-m\libgcc.a(mulsf3.o)
                0x08000628                __aeabi_fmul
 .text          0x0800088c      0x388 c:/program files (x86)/gnu tools arm embedded/7 2018-q2-update/bin/../lib/gcc/arm-none-eabi/7.3.1/thumb/v6-m\libgcc.a(subsf3.o)
                0x0800088c                __aeabi_fsub
 .text          0x08000c14       0x40 c:/program files (x86)/gnu tools arm embedded/7 2018-q2-update/bin/../lib/gcc/arm-none-eabi/7.3.1/thumb/v6-m\libgcc.a(fixsfsi.o)
                0x08000c14                __aeabi_f2iz
 .text          0x08000c54       0x80 c:/program files (x86)/gnu tools arm embedded/7 2018-q2-update/bin/../lib/gcc/arm-none-eabi/7.3.1/thumb/v6-m\libgcc.a(floatunsisf.o)
                0x08000c54                __aeabi_ui2f
 .text          0x08000cd4       0x74 c:/program files (x86)/gnu tools arm embedded/7 2018-q2-update/bin/../lib/gcc/arm-none-eabi/7.3.1/thumb/v6-m\libgcc.a(_arm_cmpsf2.o)
                0x08000cd4                __aeabi_cfrcmple
                0x08000cdc                __aeabi_cfcmpeq
                0x08000cdc                __aeabi_cfcmple
                0x08000cec                __aeabi_fcmpeq
                0x08000cf8                __aeabi_fcmplt
                0x08000d0c                __aeabi_fcmple
                0x08000d20                __aeabi_fcmpgt
                0x08000d34                __aeabi_fcmpge
 .text          0x08000d48       0x3c c:/program files (x86)/gnu tools arm embedded/7 2018-q2-update/bin/../lib/gcc/arm-none-eabi/7.3.1/thumb/v6-m\libgcc.a(_clzsi2.o)
                0x08000d48                __clzsi2
 .text          0x08000d84       0x50 c:/program files (x86)/gnu tools arm embedded/7 2018-q2-update/bin/../lib/gcc/arm-none-eabi/7.3.1/thumb/v6-m\libgcc.a(eqsf2.o)
                0x08000d84                __eqsf2
                0x08000d84                __nesf2
 .text          0x08000dd4       0x9c c:/program files (x86)/gnu tools arm embedded/7 2018-q2-update/bin/../lib/gcc/arm-none-eabi/7.3.1/thumb/v6-m\libgcc.a(gesf2.o)
                0x08000dd4                __gesf2
                0x08000dd4                __gtsf2
 .text          0x08000e70       0xa0 c:/program files (x86)/gnu tools arm embedded/7 2018-q2-update/bin/../lib/gcc/arm-none-eabi/7.3.1/thumb/v6-m\libgcc.a(lesf2.o)
                0x08000e70                __ltsf2
                0x08000e70                __lesf2
 *(.text*)
 .text.ERROR_loop
                0x08000f10       0x44 D:/ITI/Senseit/hei-2018-2019-lab-sens-it-paulze-levoir-lemarec-master/hei-2018-2019-lab-sens-it-paulze-levoir-lemarec-master/sensit-sdk-v2.0.0/sdk/obj/error.o
 .text.ERROR_parser
                0x08000f54       0xcc D:/ITI/Senseit/hei-2018-2019-lab-sens-it-paulze-levoir-lemarec-master/hei-2018-2019-lab-sens-it-paulze-levoir-lemarec-master/sensit-sdk-v2.0.0/sdk/obj/error.o
                0x08000f54                ERROR_parser
 .text.BUTTON_handler
                0x08001020       0x5e D:/ITI/Senseit/hei-2018-2019-lab-sens-it-paulze-levoir-lemarec-master/hei-2018-2019-lab-sens-it-paulze-levoir-lemarec-master/sensit-sdk-v2.0.0/sdk/obj/button.o
                0x08001020                BUTTON_handler
 *fill*         0x0800107e        0x2 
 .text.BATTERY_handler
                0x08001080       0x90 D:/ITI/Senseit/hei-2018-2019-lab-sens-it-paulze-levoir-lemarec-master/hei-2018-2019-lab-sens-it-paulze-levoir-lemarec-master/sensit-sdk-v2.0.0/sdk/obj/battery.o
                0x08001080                BATTERY_handler
 .text.CALLBACK_report_test_result
                0x08001110        0x2 D:/ITI/Senseit/hei-2018-2019-lab-sens-it-paulze-levoir-lemarec-master/hei-2018-2019-lab-sens-it-paulze-levoir-lemarec-master/sensit-sdk-v2.0.0/sdk/obj/callback.o
                0x08001110                CALLBACK_report_test_result
 *fill*         0x08001112        0x2 
 .text.RADIO_API_send_message
                0x08001114       0x80 D:/ITI/Senseit/hei-2018-2019-lab-sens-it-paulze-levoir-lemarec-master/hei-2018-2019-lab-sens-it-paulze-levoir-lemarec-master/sensit-sdk-v2.0.0/sdk/obj/radio_api.o
                0x08001114                RADIO_API_send_message
 .text.ETSI_handler
                0x08001194       0x84 D:/ITI/Senseit/hei-2018-2019-lab-sens-it-paulze-levoir-lemarec-master/hei-2018-2019-lab-sens-it-paulze-levoir-lemarec-master/sensit-sdk-v2.0.0/sdk/obj/etsi.o
                0x08001194                ETSI_handler
 .text.FCC_handler
                0x08001218       0x50 D:/ITI/Senseit/hei-2018-2019-lab-sens-it-paulze-levoir-lemarec-master/hei-2018-2019-lab-sens-it-paulze-levoir-lemarec-master/sensit-sdk-v2.0.0/sdk/obj/fcc.o
                0x08001218                FCC_handler
 .text.HTS221_init
                0x08001268       0xbc D:/ITI/Senseit/hei-2018-2019-lab-sens-it-paulze-levoir-lemarec-master/hei-2018-2019-lab-sens-it-paulze-levoir-lemarec-master/sensit-sdk-v2.0.0/sdk/obj/hts221.o
                0x08001268                HTS221_init
 .text.LTR329_init
                0x08001324       0x54 D:/ITI/Senseit/hei-2018-2019-lab-sens-it-paulze-levoir-lemarec-master/hei-2018-2019-lab-sens-it-paulze-levoir-lemarec-master/sensit-sdk-v2.0.0/sdk/obj/ltr329.o
                0x08001324                LTR329_init
 .text.FXOS8700_reset
                0x08001378       0x28 D:/ITI/Senseit/hei-2018-2019-lab-sens-it-paulze-levoir-lemarec-master/hei-2018-2019-lab-sens-it-paulze-levoir-lemarec-master/sensit-sdk-v2.0.0/sdk/obj/fxos8700.o
                0x08001378                FXOS8700_reset
 .text.FXOS8700_init
                0x080013a0       0x2e D:/ITI/Senseit/hei-2018-2019-lab-sens-it-paulze-levoir-lemarec-master/hei-2018-2019-lab-sens-it-paulze-levoir-lemarec-master/sensit-sdk-v2.0.0/sdk/obj/fxos8700.o
                0x080013a0                FXOS8700_init
 *fill*         0x080013ce        0x2 
 .text.FXOS8700_set_transient_mode
                0x080013d0       0xdc D:/ITI/Senseit/hei-2018-2019-lab-sens-it-paulze-levoir-lemarec-master/hei-2018-2019-lab-sens-it-paulze-levoir-lemarec-master/sensit-sdk-v2.0.0/sdk/obj/fxos8700.o
                0x080013d0                FXOS8700_set_transient_mode
 .text.FXOS8700_clear_transient_interrupt
                0x080014ac       0x28 D:/ITI/Senseit/hei-2018-2019-lab-sens-it-paulze-levoir-lemarec-master/hei-2018-2019-lab-sens-it-paulze-levoir-lemarec-master/sensit-sdk-v2.0.0/sdk/obj/fxos8700.o
                0x080014ac                FXOS8700_clear_transient_interrupt
 .text.DISCOVERY_build_payload
                0x080014d4      0x108 D:/ITI/Senseit/hei-2018-2019-lab-sens-it-paulze-levoir-lemarec-master/hei-2018-2019-lab-sens-it-paulze-levoir-lemarec-master/sensit-sdk-v2.0.0/sdk/obj/discovery.o
                0x080014d4                DISCOVERY_build_payload
 .text.startup.main
                0x080015dc       0x58 D:/ITI/Senseit/hei-2018-2019-lab-sens-it-paulze-levoir-lemarec-master/hei-2018-2019-lab-sens-it-paulze-levoir-lemarec-master/sensit-sdk-v2.0.0/sdk/obj/main.o
                0x080015dc                main
 .text.MCU_API_get_voltage_temperature
                0x08001634       0x22 D:/ITI/Senseit/hei-2018-2019-lab-sens-it-paulze-levoir-lemarec-master/hei-2018-2019-lab-sens-it-paulze-levoir-lemarec-master/sensit-sdk-v2.0.0/sdk/lib\libSENSIT_SDK_V2.0.0.a(mcu_api.o)
                0x08001634                MCU_API_get_voltage_temperature
 .text.MCU_API_delay
                0x08001656       0x3e D:/ITI/Senseit/hei-2018-2019-lab-sens-it-paulze-levoir-lemarec-master/hei-2018-2019-lab-sens-it-paulze-levoir-lemarec-master/sensit-sdk-v2.0.0/sdk/lib\libSENSIT_SDK_V2.0.0.a(mcu_api.o)
                0x08001656                MCU_API_delay
 .text.MCU_API_aes_128_cbc_encrypt
                0x08001694       0x62 D:/ITI/Senseit/hei-2018-2019-lab-sens-it-paulze-levoir-lemarec-master/hei-2018-2019-lab-sens-it-paulze-levoir-lemarec-master/sensit-sdk-v2.0.0/sdk/lib\libSENSIT_SDK_V2.0.0.a(mcu_api.o)
                0x08001694                MCU_API_aes_128_cbc_encrypt
 .text.MCU_API_set_nv_mem
                0x080016f6       0x16 D:/ITI/Senseit/hei-2018-2019-lab-sens-it-paulze-levoir-lemarec-master/hei-2018-2019-lab-sens-it-paulze-levoir-lemarec-master/sensit-sdk-v2.0.0/sdk/lib\libSENSIT_SDK_V2.0.0.a(mcu_api.o)
                0x080016f6                MCU_API_set_nv_mem
 .text.MCU_API_timer_start_carrier_sense
                0x0800170c       0x60 D:/ITI/Senseit/hei-2018-2019-lab-sens-it-paulze-levoir-lemarec-master/hei-2018-2019-lab-sens-it-paulze-levoir-lemarec-master/sensit-sdk-v2.0.0/sdk/lib\libSENSIT_SDK_V2.0.0.a(mcu_api.o)
                0x0800170c                MCU_API_timer_start_carrier_sense
 .text.TIM16_IRQHandler
                0x0800176c       0x24 D:/ITI/Senseit/hei-2018-2019-lab-sens-it-paulze-levoir-lemarec-master/hei-2018-2019-lab-sens-it-paulze-levoir-lemarec-master/sensit-sdk-v2.0.0/sdk/lib\libSENSIT_SDK_V2.0.0.a(mcu_api.o)
                0x0800176c                TIM16_IRQHandler
 .text.MCU_API_timer_start
                0x08001790        0xc D:/ITI/Senseit/hei-2018-2019-lab-sens-it-paulze-levoir-lemarec-master/hei-2018-2019-lab-sens-it-paulze-levoir-lemarec-master/sensit-sdk-v2.0.0/sdk/lib\libSENSIT_SDK_V2.0.0.a(mcu_api.o)
                0x08001790                MCU_API_timer_start
 .text.MCU_API_timer_stop
                0x0800179c        0x4 D:/ITI/Senseit/hei-2018-2019-lab-sens-it-paulze-levoir-lemarec-master/hei-2018-2019-lab-sens-it-paulze-levoir-lemarec-master/sensit-sdk-v2.0.0/sdk/lib\libSENSIT_SDK_V2.0.0.a(mcu_api.o)
                0x0800179c                MCU_API_timer_stop
 .text.MCU_API_timer_stop_carrier_sense
                0x080017a0       0x38 D:/ITI/Senseit/hei-2018-2019-lab-sens-it-paulze-levoir-lemarec-master/hei-2018-2019-lab-sens-it-paulze-levoir-lemarec-master/sensit-sdk-v2.0.0/sdk/lib\libSENSIT_SDK_V2.0.0.a(mcu_api.o)
                0x080017a0                MCU_API_timer_stop_carrier_sense
 .text.MCU_API_timer_wait_for_end
                0x080017d8       0x10 D:/ITI/Senseit/hei-2018-2019-lab-sens-it-paulze-levoir-lemarec-master/hei-2018-2019-lab-sens-it-paulze-levoir-lemarec-master/sensit-sdk-v2.0.0/sdk/lib\libSENSIT_SDK_V2.0.0.a(mcu_api.o)
                0x080017d8                MCU_API_timer_wait_for_end
 .text.MCU_API_report_test_result
                0x080017e8        0xa D:/ITI/Senseit/hei-2018-2019-lab-sens-it-paulze-levoir-lemarec-master/hei-2018-2019-lab-sens-it-paulze-levoir-lemarec-master/sensit-sdk-v2.0.0/sdk/lib\libSENSIT_SDK_V2.0.0.a(mcu_api.o)
                0x080017e8                MCU_API_report_test_result
 *fill*         0x080017f2        0x2 
 .text.NVMEM_API_get_frequency_calibration
                0x080017f4       0x1c D:/ITI/Senseit/hei-2018-2019-lab-sens-it-paulze-levoir-lemarec-master/hei-2018-2019-lab-sens-it-paulze-levoir-lemarec-master/sensit-sdk-v2.0.0/sdk/lib\libSENSIT_SDK_V2.0.0.a(nvmem_api.o)
                0x080017f4                NVMEM_API_get_frequency_calibration
 .text.NVMEM_API_compute_aes
                0x08001810       0xc8 D:/ITI/Senseit/hei-2018-2019-lab-sens-it-paulze-levoir-lemarec-master/hei-2018-2019-lab-sens-it-paulze-levoir-lemarec-master/sensit-sdk-v2.0.0/sdk/lib\libSENSIT_SDK_V2.0.0.a(nvmem_api.o)
                0x08001810                NVMEM_API_compute_aes
 .text.NVMEM_API_init_page_index
                0x080018d8       0xb4 D:/ITI/Senseit/hei-2018-2019-lab-sens-it-paulze-levoir-lemarec-master/hei-2018-2019-lab-sens-it-paulze-levoir-lemarec-master/sensit-sdk-v2.0.0/sdk/lib\libSENSIT_SDK_V2.0.0.a(nvmem_api.o)
                0x080018d8                NVMEM_API_init_page_index
 .text.NVMEM_API_init
                0x0800198c       0xa0 D:/ITI/Senseit/hei-2018-2019-lab-sens-it-paulze-levoir-lemarec-master/hei-2018-2019-lab-sens-it-paulze-levoir-lemarec-master/sensit-sdk-v2.0.0/sdk/lib\libSENSIT_SDK_V2.0.0.a(nvmem_api.o)
                0x0800198c                NVMEM_API_init
 .text.NVMEM_API_set_data
                0x08001a2c       0xd8 D:/ITI/Senseit/hei-2018-2019-lab-sens-it-paulze-levoir-lemarec-master/hei-2018-2019-lab-sens-it-paulze-levoir-lemarec-master/sensit-sdk-v2.0.0/sdk/lib\libSENSIT_SDK_V2.0.0.a(nvmem_api.o)
                0x08001a2c                NVMEM_API_set_data
 .text.RADIO_power_on
                0x08001b04       0x44 D:/ITI/Senseit/hei-2018-2019-lab-sens-it-paulze-levoir-lemarec-master/hei-2018-2019-lab-sens-it-paulze-levoir-lemarec-master/sensit-sdk-v2.0.0/sdk/lib\libSENSIT_SDK_V2.0.0.a(radio.o)
                0x08001b04                RADIO_power_on
 .text.RADIO_power_off
                0x08001b48       0x2c D:/ITI/Senseit/hei-2018-2019-lab-sens-it-paulze-levoir-lemarec-master/hei-2018-2019-lab-sens-it-paulze-levoir-lemarec-master/sensit-sdk-v2.0.0/sdk/lib\libSENSIT_SDK_V2.0.0.a(radio.o)
                0x08001b48                RADIO_power_off
 .text.RADIO_get_state
                0x08001b74        0xc D:/ITI/Senseit/hei-2018-2019-lab-sens-it-paulze-levoir-lemarec-master/hei-2018-2019-lab-sens-it-paulze-levoir-lemarec-master/sensit-sdk-v2.0.0/sdk/lib\libSENSIT_SDK_V2.0.0.a(radio.o)
                0x08001b74                RADIO_get_state
 .text.RADIO_set_rf_line
                0x08001b80       0x50 D:/ITI/Senseit/hei-2018-2019-lab-sens-it-paulze-levoir-lemarec-master/hei-2018-2019-lab-sens-it-paulze-levoir-lemarec-master/sensit-sdk-v2.0.0/sdk/lib\libSENSIT_SDK_V2.0.0.a(radio.o)
                0x08001b80                RADIO_set_rf_line
 .text.RADIO_is_600bps
                0x08001bd0       0x18 D:/ITI/Senseit/hei-2018-2019-lab-sens-it-paulze-levoir-lemarec-master/hei-2018-2019-lab-sens-it-paulze-levoir-lemarec-master/sensit-sdk-v2.0.0/sdk/lib\libSENSIT_SDK_V2.0.0.a(radio.o)
                0x08001bd0                RADIO_is_600bps
 .text.RTC_init
                0x08001be8       0x2c D:/ITI/Senseit/hei-2018-2019-lab-sens-it-paulze-levoir-lemarec-master/hei-2018-2019-lab-sens-it-paulze-levoir-lemarec-master/sensit-sdk-v2.0.0/sdk/lib\libSENSIT_SDK_V2.0.0.a(rtc.o)
                0x08001be8                RTC_init
 .text.RTC_get_current_time
                0x08001c14        0xc D:/ITI/Senseit/hei-2018-2019-lab-sens-it-paulze-levoir-lemarec-master/hei-2018-2019-lab-sens-it-paulze-levoir-lemarec-master/sensit-sdk-v2.0.0/sdk/lib\libSENSIT_SDK_V2.0.0.a(rtc.o)
                0x08001c14                RTC_get_current_time
 .text.RTC_set_alarm_timer
                0x08001c20       0x14 D:/ITI/Senseit/hei-2018-2019-lab-sens-it-paulze-levoir-lemarec-master/hei-2018-2019-lab-sens-it-paulze-levoir-lemarec-master/sensit-sdk-v2.0.0/sdk/lib\libSENSIT_SDK_V2.0.0.a(rtc.o)
                0x08001c20                RTC_set_alarm_timer
 .text.RTC_set_rx_timer
                0x08001c34        0xc D:/ITI/Senseit/hei-2018-2019-lab-sens-it-paulze-levoir-lemarec-master/hei-2018-2019-lab-sens-it-paulze-levoir-lemarec-master/sensit-sdk-v2.0.0/sdk/lib\libSENSIT_SDK_V2.0.0.a(rtc.o)
                0x08001c34                RTC_set_rx_timer
 .text.RTC_wait_frame
                0x08001c40       0x2c D:/ITI/Senseit/hei-2018-2019-lab-sens-it-paulze-levoir-lemarec-master/hei-2018-2019-lab-sens-it-paulze-levoir-lemarec-master/sensit-sdk-v2.0.0/sdk/lib\libSENSIT_SDK_V2.0.0.a(rtc.o)
                0x08001c40                RTC_wait_frame
 .text.RTC_IRQHandler
                0x08001c6c       0x68 D:/ITI/Senseit/hei-2018-2019-lab-sens-it-paulze-levoir-lemarec-master/hei-2018-2019-lab-sens-it-paulze-levoir-lemarec-master/sensit-sdk-v2.0.0/sdk/lib\libSENSIT_SDK_V2.0.0.a(rtc.o)
                0x08001c6c                RTC_IRQHandler
 .text._init    0x08001cd4       0x1c D:/ITI/Senseit/hei-2018-2019-lab-sens-it-paulze-levoir-lemarec-master/hei-2018-2019-lab-sens-it-paulze-levoir-lemarec-master/sensit-sdk-v2.0.0/sdk/lib\libSENSIT_SDK_V2.0.0.a(sensit_api.o)
                0x08001cd4                _init
 .text.SENSIT_API_switch_radio
                0x08001cf0       0x38 D:/ITI/Senseit/hei-2018-2019-lab-sens-it-paulze-levoir-lemarec-master/hei-2018-2019-lab-sens-it-paulze-levoir-lemarec-master/sensit-sdk-v2.0.0/sdk/lib\libSENSIT_SDK_V2.0.0.a(sensit_api.o)
                0x08001cf0                SENSIT_API_switch_radio
 .text.SENSIT_API_reset
                0x08001d28       0x60 D:/ITI/Senseit/hei-2018-2019-lab-sens-it-paulze-levoir-lemarec-master/hei-2018-2019-lab-sens-it-paulze-levoir-lemarec-master/sensit-sdk-v2.0.0/sdk/lib\libSENSIT_SDK_V2.0.0.a(sensit_api.o)
                0x08001d28                SENSIT_API_reset
 .text.SENSIT_API_sleep
                0x08001d88        0xa D:/ITI/Senseit/hei-2018-2019-lab-sens-it-paulze-levoir-lemarec-master/hei-2018-2019-lab-sens-it-paulze-levoir-lemarec-master/sensit-sdk-v2.0.0/sdk/lib\libSENSIT_SDK_V2.0.0.a(sensit_api.o)
                0x08001d88                SENSIT_API_sleep
 .text.SENSIT_API_set_rtc_alarm
                0x08001d92        0xa D:/ITI/Senseit/hei-2018-2019-lab-sens-it-paulze-levoir-lemarec-master/hei-2018-2019-lab-sens-it-paulze-levoir-lemarec-master/sensit-sdk-v2.0.0/sdk/lib\libSENSIT_SDK_V2.0.0.a(sensit_api.o)
                0x08001d92                SENSIT_API_set_rtc_alarm
 .text.SENSIT_API_get_button_state
                0x08001d9c       0x14 D:/ITI/Senseit/hei-2018-2019-lab-sens-it-paulze-levoir-lemarec-master/hei-2018-2019-lab-sens-it-paulze-levoir-lemarec-master/sensit-sdk-v2.0.0/sdk/lib\libSENSIT_SDK_V2.0.0.a(sensit_api.o)
                0x08001d9c                SENSIT_API_get_button_state
 .text.SENSIT_API_set_rgb_led
                0x08001db0       0x30 D:/ITI/Senseit/hei-2018-2019-lab-sens-it-paulze-levoir-lemarec-master/hei-2018-2019-lab-sens-it-paulze-levoir-lemarec-master/sensit-sdk-v2.0.0/sdk/lib\libSENSIT_SDK_V2.0.0.a(sensit_api.o)
                0x08001db0                SENSIT_API_set_rgb_led
 .text.SENSIT_API_set_white_led
                0x08001de0       0x18 D:/ITI/Senseit/hei-2018-2019-lab-sens-it-paulze-levoir-lemarec-master/hei-2018-2019-lab-sens-it-paulze-levoir-lemarec-master/sensit-sdk-v2.0.0/sdk/lib\libSENSIT_SDK_V2.0.0.a(sensit_api.o)
                0x08001de0                SENSIT_API_set_white_led
 .text.SENSIT_API_get_battery_level
                0x08001df8        0xe D:/ITI/Senseit/hei-2018-2019-lab-sens-it-paulze-levoir-lemarec-master/hei-2018-2019-lab-sens-it-paulze-levoir-lemarec-master/sensit-sdk-v2.0.0/sdk/lib\libSENSIT_SDK_V2.0.0.a(sensit_api.o)
                0x08001df8                SENSIT_API_get_battery_level
 .text.SENSIT_API_get_current_time
                0x08001e06        0xe D:/ITI/Senseit/hei-2018-2019-lab-sens-it-paulze-levoir-lemarec-master/hei-2018-2019-lab-sens-it-paulze-levoir-lemarec-master/sensit-sdk-v2.0.0/sdk/lib\libSENSIT_SDK_V2.0.0.a(sensit_api.o)
                0x08001e06                SENSIT_API_get_current_time
 .text.SENSIT_API_wait
                0x08001e14        0xa D:/ITI/Senseit/hei-2018-2019-lab-sens-it-paulze-levoir-lemarec-master/hei-2018-2019-lab-sens-it-paulze-levoir-lemarec-master/sensit-sdk-v2.0.0/sdk/lib\libSENSIT_SDK_V2.0.0.a(sensit_api.o)
                0x08001e14                SENSIT_API_wait
 .text.SENSIT_API_write_read_i2c_bus
                0x08001e1e       0x20 D:/ITI/Senseit/hei-2018-2019-lab-sens-it-paulze-levoir-lemarec-master/hei-2018-2019-lab-sens-it-paulze-levoir-lemarec-master/sensit-sdk-v2.0.0/sdk/lib\libSENSIT_SDK_V2.0.0.a(sensit_api.o)
                0x08001e1e                SENSIT_API_write_read_i2c_bus
 *fill*         0x08001e3e        0x2 
 .text.SENSIT_API_configure_fxos8700_interrupt
                0x08001e40       0x30 D:/ITI/Senseit/hei-2018-2019-lab-sens-it-paulze-levoir-lemarec-master/hei-2018-2019-lab-sens-it-paulze-levoir-lemarec-master/sensit-sdk-v2.0.0/sdk/lib\libSENSIT_SDK_V2.0.0.a(sensit_api.o)
                0x08001e40                SENSIT_API_configure_fxos8700_interrupt
 .text.SENSIT_API_reset_device_sequence_number
                0x08001e70       0x20 D:/ITI/Senseit/hei-2018-2019-lab-sens-it-paulze-levoir-lemarec-master/hei-2018-2019-lab-sens-it-paulze-levoir-lemarec-master/sensit-sdk-v2.0.0/sdk/lib\libSENSIT_SDK_V2.0.0.a(sensit_api.o)
                0x08001e70                SENSIT_API_reset_device_sequence_number
 .text.SIGFOX_API_send_frame
                0x08001e90       0x48 D:/ITI/Senseit/hei-2018-2019-lab-sens-it-paulze-levoir-lemarec-master/hei-2018-2019-lab-sens-it-paulze-levoir-lemarec-master/sensit-sdk-v2.0.0/sdk/lib\libSENSIT_SDK_V2.0.0.a(sigfox_api.o)
                0x08001e90                SIGFOX_API_send_frame
 .text.SIGFOX_INT_randomize
                0x08001ed8       0x16 D:/ITI/Senseit/hei-2018-2019-lab-sens-it-paulze-levoir-lemarec-master/hei-2018-2019-lab-sens-it-paulze-levoir-lemarec-master/sensit-sdk-v2.0.0/sdk/lib\libSENSIT_SDK_V2.0.0.a(sigfox_internal.o)
                0x08001ed8                SIGFOX_INT_randomize
 .text.SIGFOX_INT_get_macro_channel_index
                0x08001eee       0x5a D:/ITI/Senseit/hei-2018-2019-lab-sens-it-paulze-levoir-lemarec-master/hei-2018-2019-lab-sens-it-paulze-levoir-lemarec-master/sensit-sdk-v2.0.0/sdk/lib\libSENSIT_SDK_V2.0.0.a(sigfox_internal.o)
                0x08001eee                SIGFOX_INT_get_macro_channel_index
 .text.SIGFOX_INT_dc_lbt_channel_pn_max
                0x08001f48       0x30 D:/ITI/Senseit/hei-2018-2019-lab-sens-it-paulze-levoir-lemarec-master/hei-2018-2019-lab-sens-it-paulze-levoir-lemarec-master/sensit-sdk-v2.0.0/sdk/lib\libSENSIT_SDK_V2.0.0.a(sigfox_internal.o)
                0x08001f48                SIGFOX_INT_dc_lbt_channel_pn_max
 .text.SIGFOX_INT_dc_lbt_channel_pn_min
                0x08001f78       0x22 D:/ITI/Senseit/hei-2018-2019-lab-sens-it-paulze-levoir-lemarec-master/hei-2018-2019-lab-sens-it-paulze-levoir-lemarec-master/sensit-sdk-v2.0.0/sdk/lib\libSENSIT_SDK_V2.0.0.a(sigfox_internal.o)
                0x08001f78                SIGFOX_INT_dc_lbt_channel_pn_min
 *fill*         0x08001f9a        0x2 
 .text.SIGFOX_INT_compute_channels
                0x08001f9c      0x134 D:/ITI/Senseit/hei-2018-2019-lab-sens-it-paulze-levoir-lemarec-master/hei-2018-2019-lab-sens-it-paulze-levoir-lemarec-master/sensit-sdk-v2.0.0/sdk/lib\libSENSIT_SDK_V2.0.0.a(sigfox_internal.o)
                0x08001f9c                SIGFOX_INT_compute_channels
 .text.SIGFOX_INT_compute_carrier_sense_frequency
                0x080020d0       0x2e D:/ITI/Senseit/hei-2018-2019-lab-sens-it-paulze-levoir-lemarec-master/hei-2018-2019-lab-sens-it-paulze-levoir-lemarec-master/sensit-sdk-v2.0.0/sdk/lib\libSENSIT_SDK_V2.0.0.a(sigfox_internal.o)
                0x080020d0                SIGFOX_INT_compute_carrier_sense_frequency
 .text.SIGFOX_INT_store_nvm
                0x080020fe       0x32 D:/ITI/Senseit/hei-2018-2019-lab-sens-it-paulze-levoir-lemarec-master/hei-2018-2019-lab-sens-it-paulze-levoir-lemarec-master/sensit-sdk-v2.0.0/sdk/lib\libSENSIT_SDK_V2.0.0.a(sigfox_internal.o)
                0x080020fe                SIGFOX_INT_store_nvm
 .text.SIGFOX_INT_build_frame
                0x08002130      0x1da D:/ITI/Senseit/hei-2018-2019-lab-sens-it-paulze-levoir-lemarec-master/hei-2018-2019-lab-sens-it-paulze-levoir-lemarec-master/sensit-sdk-v2.0.0/sdk/lib\libSENSIT_SDK_V2.0.0.a(sigfox_internal.o)
                0x08002130                SIGFOX_INT_build_frame
 *fill*         0x0800230a        0x2 
 .text.SIGFOX_INT_prepare_transmission
                0x0800230c       0x88 D:/ITI/Senseit/hei-2018-2019-lab-sens-it-paulze-levoir-lemarec-master/hei-2018-2019-lab-sens-it-paulze-levoir-lemarec-master/sensit-sdk-v2.0.0/sdk/lib\libSENSIT_SDK_V2.0.0.a(sigfox_internal.o)
                0x0800230c                SIGFOX_INT_prepare_transmission
 .text.SIGFOX_INT_send_single_frame
                0x08002394       0x98 D:/ITI/Senseit/hei-2018-2019-lab-sens-it-paulze-levoir-lemarec-master/hei-2018-2019-lab-sens-it-paulze-levoir-lemarec-master/sensit-sdk-v2.0.0/sdk/lib\libSENSIT_SDK_V2.0.0.a(sigfox_internal.o)
                0x08002394                SIGFOX_INT_send_single_frame
 .text.SIGFOX_INT_execute_carrier_sense
                0x0800242c       0x3a D:/ITI/Senseit/hei-2018-2019-lab-sens-it-paulze-levoir-lemarec-master/hei-2018-2019-lab-sens-it-paulze-levoir-lemarec-master/sensit-sdk-v2.0.0/sdk/lib\libSENSIT_SDK_V2.0.0.a(sigfox_internal.o)
                0x0800242c                SIGFOX_INT_execute_carrier_sense
 .text.SIGFOX_INT_downlink_configuration
                0x08002466       0x4c D:/ITI/Senseit/hei-2018-2019-lab-sens-it-paulze-levoir-lemarec-master/hei-2018-2019-lab-sens-it-paulze-levoir-lemarec-master/sensit-sdk-v2.0.0/sdk/lib\libSENSIT_SDK_V2.0.0.a(sigfox_internal.o)
                0x08002466                SIGFOX_INT_downlink_configuration
 .text.SIGFOX_INT_get_received_frames
                0x080024b2      0x10a D:/ITI/Senseit/hei-2018-2019-lab-sens-it-paulze-levoir-lemarec-master/hei-2018-2019-lab-sens-it-paulze-levoir-lemarec-master/sensit-sdk-v2.0.0/sdk/lib\libSENSIT_SDK_V2.0.0.a(sigfox_internal.o)
                0x080024b2                SIGFOX_INT_get_received_frames
 .text.SIGFOX_INT_process_downlink
                0x080025bc       0x46 D:/ITI/Senseit/hei-2018-2019-lab-sens-it-paulze-levoir-lemarec-master/hei-2018-2019-lab-sens-it-paulze-levoir-lemarec-master/sensit-sdk-v2.0.0/sdk/lib\libSENSIT_SDK_V2.0.0.a(sigfox_internal.o)
                0x080025bc                SIGFOX_INT_process_downlink
 *fill*         0x08002602        0x2 
 .text.SIGFOX_INT_compute_uplink_frequency
                0x08002604       0x94 D:/ITI/Senseit/hei-2018-2019-lab-sens-it-paulze-levoir-lemarec-master/hei-2018-2019-lab-sens-it-paulze-levoir-lemarec-master/sensit-sdk-v2.0.0/sdk/lib\libSENSIT_SDK_V2.0.0.a(sigfox_internal.o)
                0x08002604                SIGFOX_INT_compute_uplink_frequency
 .text.SIGFOX_INT_process_uplink
                0x08002698      0x28c D:/ITI/Senseit/hei-2018-2019-lab-sens-it-paulze-levoir-lemarec-master/hei-2018-2019-lab-sens-it-paulze-levoir-lemarec-master/sensit-sdk-v2.0.0/sdk/lib\libSENSIT_SDK_V2.0.0.a(sigfox_internal.o)
                0x08002698                SIGFOX_INT_process_uplink
 .text.SIGFOX_INT_execute_communication_sequence
                0x08002924      0x118 D:/ITI/Senseit/hei-2018-2019-lab-sens-it-paulze-levoir-lemarec-master/hei-2018-2019-lab-sens-it-paulze-levoir-lemarec-master/sensit-sdk-v2.0.0/sdk/lib\libSENSIT_SDK_V2.0.0.a(sigfox_internal.o)
                0x08002924                SIGFOX_INT_execute_communication_sequence
 .text.SIGFOX_PN_next_pn
                0x08002a3c       0x50 D:/ITI/Senseit/hei-2018-2019-lab-sens-it-paulze-levoir-lemarec-master/hei-2018-2019-lab-sens-it-paulze-levoir-lemarec-master/sensit-sdk-v2.0.0/sdk/lib\libSENSIT_SDK_V2.0.0.a(sigfox_pn.o)
                0x08002a3c                SIGFOX_PN_next_pn
 .text.SIGFOX_SCRAMB_compute
                0x08002a8c       0x8c D:/ITI/Senseit/hei-2018-2019-lab-sens-it-paulze-levoir-lemarec-master/hei-2018-2019-lab-sens-it-paulze-levoir-lemarec-master/sensit-sdk-v2.0.0/sdk/lib\libSENSIT_SDK_V2.0.0.a(sigfox_scramb.o)
                0x08002a8c                SIGFOX_SCRAMB_compute
 .text.SLEEP_handler
                0x08002b18       0x88 D:/ITI/Senseit/hei-2018-2019-lab-sens-it-paulze-levoir-lemarec-master/hei-2018-2019-lab-sens-it-paulze-levoir-lemarec-master/sensit-sdk-v2.0.0/sdk/lib\libSENSIT_SDK_V2.0.0.a(sleep.o)
                0x08002b18                SLEEP_handler
 .text.SPI_init
                0x08002ba0       0x30 D:/ITI/Senseit/hei-2018-2019-lab-sens-it-paulze-levoir-lemarec-master/hei-2018-2019-lab-sens-it-paulze-levoir-lemarec-master/sensit-sdk-v2.0.0/sdk/lib\libSENSIT_SDK_V2.0.0.a(spi.o)
                0x08002ba0                SPI_init
 .text.SPI_disable
                0x08002bd0       0x34 D:/ITI/Senseit/hei-2018-2019-lab-sens-it-paulze-levoir-lemarec-master/hei-2018-2019-lab-sens-it-paulze-levoir-lemarec-master/sensit-sdk-v2.0.0/sdk/lib\libSENSIT_SDK_V2.0.0.a(spi.o)
                0x08002bd0                SPI_disable
 .text.SPI_enable
                0x08002c04       0x30 D:/ITI/Senseit/hei-2018-2019-lab-sens-it-paulze-levoir-lemarec-master/hei-2018-2019-lab-sens-it-paulze-levoir-lemarec-master/sensit-sdk-v2.0.0/sdk/lib\libSENSIT_SDK_V2.0.0.a(spi.o)
                0x08002c04                SPI_enable
 .text.SPI_write_read
                0x08002c34       0x2c D:/ITI/Senseit/hei-2018-2019-lab-sens-it-paulze-levoir-lemarec-master/hei-2018-2019-lab-sens-it-paulze-levoir-lemarec-master/sensit-sdk-v2.0.0/sdk/lib\libSENSIT_SDK_V2.0.0.a(spi.o)
                0x08002c34                SPI_write_read
 .text.Reset_Handler
                0x08002c60       0x80 D:/ITI/Senseit/hei-2018-2019-lab-sens-it-paulze-levoir-lemarec-master/hei-2018-2019-lab-sens-it-paulze-levoir-lemarec-master/sensit-sdk-v2.0.0/sdk/lib\libSENSIT_SDK_V2.0.0.a(startup_stm32f042x6.o)
                0x08002c60                Reset_Handler
 .text.Default_Handler
                0x08002ce0        0x2 D:/ITI/Senseit/hei-2018-2019-lab-sens-it-paulze-levoir-lemarec-master/hei-2018-2019-lab-sens-it-paulze-levoir-lemarec-master/sensit-sdk-v2.0.0/sdk/lib\libSENSIT_SDK_V2.0.0.a(startup_stm32f042x6.o)
                0x08002ce0                TIM1_CC_IRQHandler
                0x08002ce0                TSC_IRQHandler
                0x08002ce0                SysTick_Handler
                0x08002ce0                PendSV_Handler
                0x08002ce0                I2C1_IRQHandler
                0x08002ce0                RCC_CRS_IRQHandler
                0x08002ce0                SPI1_IRQHandler
                0x08002ce0                EXTI2_3_IRQHandler
                0x08002ce0                ADC1_IRQHandler
                0x08002ce0                TIM17_IRQHandler
                0x08002ce0                CEC_CAN_IRQHandler
                0x08002ce0                PVD_VDDIO2_IRQHandler
                0x08002ce0                TIM3_IRQHandler
                0x08002ce0                DMA1_Channel1_IRQHandler
                0x08002ce0                Default_Handler
                0x08002ce0                TIM14_IRQHandler
                0x08002ce0                DMA1_Channel4_5_IRQHandler
                0x08002ce0                EXTI0_1_IRQHandler
                0x08002ce0                SPI2_IRQHandler
                0x08002ce0                SVC_Handler
                0x08002ce0                DMA1_Channel2_3_IRQHandler
                0x08002ce0                USART2_IRQHandler
                0x08002ce0                FLASH_IRQHandler
                0x08002ce0                TIM1_BRK_UP_TRG_COM_IRQHandler
 *fill*         0x08002ce2        0x2 
 .text.SystemInit
                0x08002ce4      0x178 D:/ITI/Senseit/hei-2018-2019-lab-sens-it-paulze-levoir-lemarec-master/hei-2018-2019-lab-sens-it-paulze-levoir-lemarec-master/sensit-sdk-v2.0.0/sdk/lib\libSENSIT_SDK_V2.0.0.a(system_stm32f0xx.o)
                0x08002ce4                SystemInit
 .text.SYSTICK_wait_ms
                0x08002e5c       0x84 D:/ITI/Senseit/hei-2018-2019-lab-sens-it-paulze-levoir-lemarec-master/hei-2018-2019-lab-sens-it-paulze-levoir-lemarec-master/sensit-sdk-v2.0.0/sdk/lib\libSENSIT_SDK_V2.0.0.a(systick.o)
                0x08002e5c                SYSTICK_wait_ms
 .text.SYSTICK_wait_tick
                0x08002ee0       0x38 D:/ITI/Senseit/hei-2018-2019-lab-sens-it-paulze-levoir-lemarec-master/hei-2018-2019-lab-sens-it-paulze-levoir-lemarec-master/sensit-sdk-v2.0.0/sdk/lib\libSENSIT_SDK_V2.0.0.a(systick.o)
                0x08002ee0                SYSTICK_wait_tick
 .text.USART1_IRQHandler
                0x08002f18       0x68 D:/ITI/Senseit/hei-2018-2019-lab-sens-it-paulze-levoir-lemarec-master/hei-2018-2019-lab-sens-it-paulze-levoir-lemarec-master/sensit-sdk-v2.0.0/sdk/lib\libSENSIT_SDK_V2.0.0.a(uart.o)
                0x08002f18                USART1_IRQHandler
 .text.HAL_PCD_SetupStageCallback
                0x08002f80       0x14 D:/ITI/Senseit/hei-2018-2019-lab-sens-it-paulze-levoir-lemarec-master/hei-2018-2019-lab-sens-it-paulze-levoir-lemarec-master/sensit-sdk-v2.0.0/sdk/lib\libSENSIT_SDK_V2.0.0.a(usbd_conf.o)
                0x08002f80                HAL_PCD_SetupStageCallback
 .text.HAL_PCD_DataOutStageCallback
                0x08002f94       0x18 D:/ITI/Senseit/hei-2018-2019-lab-sens-it-paulze-levoir-lemarec-master/hei-2018-2019-lab-sens-it-paulze-levoir-lemarec-master/sensit-sdk-v2.0.0/sdk/lib\libSENSIT_SDK_V2.0.0.a(usbd_conf.o)
                0x08002f94                HAL_PCD_DataOutStageCallback
 .text.HAL_PCD_DataInStageCallback
                0x08002fac       0x16 D:/ITI/Senseit/hei-2018-2019-lab-sens-it-paulze-levoir-lemarec-master/hei-2018-2019-lab-sens-it-paulze-levoir-lemarec-master/sensit-sdk-v2.0.0/sdk/lib\libSENSIT_SDK_V2.0.0.a(usbd_conf.o)
                0x08002fac                HAL_PCD_DataInStageCallback
 .text.HAL_PCD_SOFCallback
                0x08002fc2        0xe D:/ITI/Senseit/hei-2018-2019-lab-sens-it-paulze-levoir-lemarec-master/hei-2018-2019-lab-sens-it-paulze-levoir-lemarec-master/sensit-sdk-v2.0.0/sdk/lib\libSENSIT_SDK_V2.0.0.a(usbd_conf.o)
                0x08002fc2                HAL_PCD_SOFCallback
 .text.HAL_PCD_ResetCallback
                0x08002fd0       0x18 D:/ITI/Senseit/hei-2018-2019-lab-sens-it-paulze-levoir-lemarec-master/hei-2018-2019-lab-sens-it-paulze-levoir-lemarec-master/sensit-sdk-v2.0.0/sdk/lib\libSENSIT_SDK_V2.0.0.a(usbd_conf.o)
                0x08002fd0                HAL_PCD_ResetCallback
 .text.HAL_PCD_SuspendCallback
                0x08002fe8        0xe D:/ITI/Senseit/hei-2018-2019-lab-sens-it-paulze-levoir-lemarec-master/hei-2018-2019-lab-sens-it-paulze-levoir-lemarec-master/sensit-sdk-v2.0.0/sdk/lib\libSENSIT_SDK_V2.0.0.a(usbd_conf.o)
                0x08002fe8                HAL_PCD_SuspendCallback
 .text.HAL_PCD_ResumeCallback
                0x08002ff6        0xe D:/ITI/Senseit/hei-2018-2019-lab-sens-it-paulze-levoir-lemarec-master/hei-2018-2019-lab-sens-it-paulze-levoir-lemarec-master/sensit-sdk-v2.0.0/sdk/lib\libSENSIT_SDK_V2.0.0.a(usbd_conf.o)
                0x08002ff6                HAL_PCD_ResumeCallback
 .text.USBD_LL_OpenEP
                0x08003004       0x16 D:/ITI/Senseit/hei-2018-2019-lab-sens-it-paulze-levoir-lemarec-master/hei-2018-2019-lab-sens-it-paulze-levoir-lemarec-master/sensit-sdk-v2.0.0/sdk/lib\libSENSIT_SDK_V2.0.0.a(usbd_conf.o)
                0x08003004                USBD_LL_OpenEP
 .text.USBD_LL_StallEP
                0x0800301a       0x10 D:/ITI/Senseit/hei-2018-2019-lab-sens-it-paulze-levoir-lemarec-master/hei-2018-2019-lab-sens-it-paulze-levoir-lemarec-master/sensit-sdk-v2.0.0/sdk/lib\libSENSIT_SDK_V2.0.0.a(usbd_conf.o)
                0x0800301a                USBD_LL_StallEP
 .text.USBD_LL_ClearStallEP
                0x0800302a       0x10 D:/ITI/Senseit/hei-2018-2019-lab-sens-it-paulze-levoir-lemarec-master/hei-2018-2019-lab-sens-it-paulze-levoir-lemarec-master/sensit-sdk-v2.0.0/sdk/lib\libSENSIT_SDK_V2.0.0.a(usbd_conf.o)
                0x0800302a                USBD_LL_ClearStallEP
 .text.USBD_LL_IsStallEP
                0x0800303a       0x26 D:/ITI/Senseit/hei-2018-2019-lab-sens-it-paulze-levoir-lemarec-master/hei-2018-2019-lab-sens-it-paulze-levoir-lemarec-master/sensit-sdk-v2.0.0/sdk/lib\libSENSIT_SDK_V2.0.0.a(usbd_conf.o)
                0x0800303a                USBD_LL_IsStallEP
 .text.USBD_LL_SetUSBAddress
                0x08003060       0x10 D:/ITI/Senseit/hei-2018-2019-lab-sens-it-paulze-levoir-lemarec-master/hei-2018-2019-lab-sens-it-paulze-levoir-lemarec-master/sensit-sdk-v2.0.0/sdk/lib\libSENSIT_SDK_V2.0.0.a(usbd_conf.o)
                0x08003060                USBD_LL_SetUSBAddress
 .text.USBD_LL_Transmit
                0x08003070       0x10 D:/ITI/Senseit/hei-2018-2019-lab-sens-it-paulze-levoir-lemarec-master/hei-2018-2019-lab-sens-it-paulze-levoir-lemarec-master/sensit-sdk-v2.0.0/sdk/lib\libSENSIT_SDK_V2.0.0.a(usbd_conf.o)
                0x08003070                USBD_LL_Transmit
 .text.USBD_LL_PrepareReceive
                0x08003080       0x10 D:/ITI/Senseit/hei-2018-2019-lab-sens-it-paulze-levoir-lemarec-master/hei-2018-2019-lab-sens-it-paulze-levoir-lemarec-master/sensit-sdk-v2.0.0/sdk/lib\libSENSIT_SDK_V2.0.0.a(usbd_conf.o)
                0x08003080                USBD_LL_PrepareReceive
 .text.USB_IRQHandler
                0x08003090       0x10 D:/ITI/Senseit/hei-2018-2019-lab-sens-it-paulze-levoir-lemarec-master/hei-2018-2019-lab-sens-it-paulze-levoir-lemarec-master/sensit-sdk-v2.0.0/sdk/lib\libSENSIT_SDK_V2.0.0.a(usbd_conf.o)
                0x08003090                USB_IRQHandler
 .text.USBD_SetClassConfig
                0x080030a0       0x1a D:/ITI/Senseit/hei-2018-2019-lab-sens-it-paulze-levoir-lemarec-master/hei-2018-2019-lab-sens-it-paulze-levoir-lemarec-master/sensit-sdk-v2.0.0/sdk/lib\libSENSIT_SDK_V2.0.0.a(usbd_core.o)
                0x080030a0                USBD_SetClassConfig
 .text.USBD_ClrClassConfig
                0x080030ba       0x10 D:/ITI/Senseit/hei-2018-2019-lab-sens-it-paulze-levoir-lemarec-master/hei-2018-2019-lab-sens-it-paulze-levoir-lemarec-master/sensit-sdk-v2.0.0/sdk/lib\libSENSIT_SDK_V2.0.0.a(usbd_core.o)
                0x080030ba                USBD_ClrClassConfig
 *fill*         0x080030ca        0x2 
 .text.USBD_LL_SetupStage
                0x080030cc       0x68 D:/ITI/Senseit/hei-2018-2019-lab-sens-it-paulze-levoir-lemarec-master/hei-2018-2019-lab-sens-it-paulze-levoir-lemarec-master/sensit-sdk-v2.0.0/sdk/lib\libSENSIT_SDK_V2.0.0.a(usbd_core.o)
                0x080030cc                USBD_LL_SetupStage
 .text.USBD_LL_DataOutStage
                0x08003134       0x74 D:/ITI/Senseit/hei-2018-2019-lab-sens-it-paulze-levoir-lemarec-master/hei-2018-2019-lab-sens-it-paulze-levoir-lemarec-master/sensit-sdk-v2.0.0/sdk/lib\libSENSIT_SDK_V2.0.0.a(usbd_core.o)
                0x08003134                USBD_LL_DataOutStage
 .text.USBD_LL_DataInStage
                0x080031a8       0xac D:/ITI/Senseit/hei-2018-2019-lab-sens-it-paulze-levoir-lemarec-master/hei-2018-2019-lab-sens-it-paulze-levoir-lemarec-master/sensit-sdk-v2.0.0/sdk/lib\libSENSIT_SDK_V2.0.0.a(usbd_core.o)
                0x080031a8                USBD_LL_DataInStage
 .text.USBD_LL_Reset
                0x08003254       0x48 D:/ITI/Senseit/hei-2018-2019-lab-sens-it-paulze-levoir-lemarec-master/hei-2018-2019-lab-sens-it-paulze-levoir-lemarec-master/sensit-sdk-v2.0.0/sdk/lib\libSENSIT_SDK_V2.0.0.a(usbd_core.o)
                0x08003254                USBD_LL_Reset
 .text.USBD_LL_SetSpeed
                0x0800329c        0x6 D:/ITI/Senseit/hei-2018-2019-lab-sens-it-paulze-levoir-lemarec-master/hei-2018-2019-lab-sens-it-paulze-levoir-lemarec-master/sensit-sdk-v2.0.0/sdk/lib\libSENSIT_SDK_V2.0.0.a(usbd_core.o)
                0x0800329c                USBD_LL_SetSpeed
 .text.USBD_LL_Suspend
                0x080032a2       0x16 D:/ITI/Senseit/hei-2018-2019-lab-sens-it-paulze-levoir-lemarec-master/hei-2018-2019-lab-sens-it-paulze-levoir-lemarec-master/sensit-sdk-v2.0.0/sdk/lib\libSENSIT_SDK_V2.0.0.a(usbd_core.o)
                0x080032a2                USBD_LL_Suspend
 .text.USBD_LL_Resume
                0x080032b8        0xe D:/ITI/Senseit/hei-2018-2019-lab-sens-it-paulze-levoir-lemarec-master/hei-2018-2019-lab-sens-it-paulze-levoir-lemarec-master/sensit-sdk-v2.0.0/sdk/lib\libSENSIT_SDK_V2.0.0.a(usbd_core.o)
                0x080032b8                USBD_LL_Resume
 .text.USBD_LL_SOF
                0x080032c6       0x1e D:/ITI/Senseit/hei-2018-2019-lab-sens-it-paulze-levoir-lemarec-master/hei-2018-2019-lab-sens-it-paulze-levoir-lemarec-master/sensit-sdk-v2.0.0/sdk/lib\libSENSIT_SDK_V2.0.0.a(usbd_core.o)
                0x080032c6                USBD_LL_SOF
 .text.USBD_CtlError.constprop.0
                0x080032e4       0x14 D:/ITI/Senseit/hei-2018-2019-lab-sens-it-paulze-levoir-lemarec-master/hei-2018-2019-lab-sens-it-paulze-levoir-lemarec-master/sensit-sdk-v2.0.0/sdk/lib\libSENSIT_SDK_V2.0.0.a(usbd_ctlreq.o)
 .text.USBD_StdDevReq
                0x080032f8      0x224 D:/ITI/Senseit/hei-2018-2019-lab-sens-it-paulze-levoir-lemarec-master/hei-2018-2019-lab-sens-it-paulze-levoir-lemarec-master/sensit-sdk-v2.0.0/sdk/lib\libSENSIT_SDK_V2.0.0.a(usbd_ctlreq.o)
                0x080032f8                USBD_StdDevReq
 .text.USBD_StdItfReq
                0x0800351c       0x38 D:/ITI/Senseit/hei-2018-2019-lab-sens-it-paulze-levoir-lemarec-master/hei-2018-2019-lab-sens-it-paulze-levoir-lemarec-master/sensit-sdk-v2.0.0/sdk/lib\libSENSIT_SDK_V2.0.0.a(usbd_ctlreq.o)
                0x0800351c                USBD_StdItfReq
 .text.USBD_StdEPReq
                0x08003554       0xd4 D:/ITI/Senseit/hei-2018-2019-lab-sens-it-paulze-levoir-lemarec-master/hei-2018-2019-lab-sens-it-paulze-levoir-lemarec-master/sensit-sdk-v2.0.0/sdk/lib\libSENSIT_SDK_V2.0.0.a(usbd_ctlreq.o)
                0x08003554                USBD_StdEPReq
 .text.USBD_ParseSetupRequest
                0x08003628       0x28 D:/ITI/Senseit/hei-2018-2019-lab-sens-it-paulze-levoir-lemarec-master/hei-2018-2019-lab-sens-it-paulze-levoir-lemarec-master/sensit-sdk-v2.0.0/sdk/lib\libSENSIT_SDK_V2.0.0.a(usbd_ctlreq.o)
                0x08003628                USBD_ParseSetupRequest
 .text.USBD_CtlSendData
                0x08003650       0x1c D:/ITI/Senseit/hei-2018-2019-lab-sens-it-paulze-levoir-lemarec-master/hei-2018-2019-lab-sens-it-paulze-levoir-lemarec-master/sensit-sdk-v2.0.0/sdk/lib\libSENSIT_SDK_V2.0.0.a(usbd_ioreq.o)
                0x08003650                USBD_CtlSendData
 .text.USBD_CtlContinueSendData
                0x0800366c       0x10 D:/ITI/Senseit/hei-2018-2019-lab-sens-it-paulze-levoir-lemarec-master/hei-2018-2019-lab-sens-it-paulze-levoir-lemarec-master/sensit-sdk-v2.0.0/sdk/lib\libSENSIT_SDK_V2.0.0.a(usbd_ioreq.o)
                0x0800366c                USBD_CtlContinueSendData
 .text.USBD_CtlContinueRx
                0x0800367c       0x10 D:/ITI/Senseit/hei-2018-2019-lab-sens-it-paulze-levoir-lemarec-master/hei-2018-2019-lab-sens-it-paulze-levoir-lemarec-master/sensit-sdk-v2.0.0/sdk/lib\libSENSIT_SDK_V2.0.0.a(usbd_ioreq.o)
                0x0800367c                USBD_CtlContinueRx
 .text.USBD_CtlSendStatus
                0x0800368c       0x18 D:/ITI/Senseit/hei-2018-2019-lab-sens-it-paulze-levoir-lemarec-master/hei-2018-2019-lab-sens-it-paulze-levoir-lemarec-master/sensit-sdk-v2.0.0/sdk/lib\libSENSIT_SDK_V2.0.0.a(usbd_ioreq.o)
                0x0800368c                USBD_CtlSendStatus
 .text.USBD_CtlReceiveStatus
                0x080036a4       0x18 D:/ITI/Senseit/hei-2018-2019-lab-sens-it-paulze-levoir-lemarec-master/hei-2018-2019-lab-sens-it-paulze-levoir-lemarec-master/sensit-sdk-v2.0.0/sdk/lib\libSENSIT_SDK_V2.0.0.a(usbd_ioreq.o)
                0x080036a4                USBD_CtlReceiveStatus
 .text.WATCHDOG_clear
                0x080036bc       0x10 D:/ITI/Senseit/hei-2018-2019-lab-sens-it-paulze-levoir-lemarec-master/hei-2018-2019-lab-sens-it-paulze-levoir-lemarec-master/sensit-sdk-v2.0.0/sdk/lib\libSENSIT_SDK_V2.0.0.a(watchdog.o)
                0x080036bc                WATCHDOG_clear
 .text.ADC_init
                0x080036cc       0x88 D:/ITI/Senseit/hei-2018-2019-lab-sens-it-paulze-levoir-lemarec-master/hei-2018-2019-lab-sens-it-paulze-levoir-lemarec-master/sensit-sdk-v2.0.0/sdk/lib\libSENSIT_SDK_V2.0.0.a(adc.o)
                0x080036cc                ADC_init
 .text.ADC_measure_battery
                0x08003754       0x84 D:/ITI/Senseit/hei-2018-2019-lab-sens-it-paulze-levoir-lemarec-master/hei-2018-2019-lab-sens-it-paulze-levoir-lemarec-master/sensit-sdk-v2.0.0/sdk/lib\libSENSIT_SDK_V2.0.0.a(adc.o)
                0x08003754                ADC_measure_battery
 .text.ADC_get_last_battery_level
                0x080037d8        0xc D:/ITI/Senseit/hei-2018-2019-lab-sens-it-paulze-levoir-lemarec-master/hei-2018-2019-lab-sens-it-paulze-levoir-lemarec-master/sensit-sdk-v2.0.0/sdk/lib\libSENSIT_SDK_V2.0.0.a(adc.o)
                0x080037d8                ADC_get_last_battery_level
 .text.ADC_get_battery_level
                0x080037e4       0x10 D:/ITI/Senseit/hei-2018-2019-lab-sens-it-paulze-levoir-lemarec-master/hei-2018-2019-lab-sens-it-paulze-levoir-lemarec-master/sensit-sdk-v2.0.0/sdk/lib\libSENSIT_SDK_V2.0.0.a(adc.o)
                0x080037e4                ADC_get_battery_level
 .text.ADC_measure_temperature
                0x080037f4       0x68 D:/ITI/Senseit/hei-2018-2019-lab-sens-it-paulze-levoir-lemarec-master/hei-2018-2019-lab-sens-it-paulze-levoir-lemarec-master/sensit-sdk-v2.0.0/sdk/lib\libSENSIT_SDK_V2.0.0.a(adc.o)
                0x080037f4                ADC_measure_temperature
 .text.AESEncode
                0x0800385c      0x1c0 D:/ITI/Senseit/hei-2018-2019-lab-sens-it-paulze-levoir-lemarec-master/hei-2018-2019-lab-sens-it-paulze-levoir-lemarec-master/sensit-sdk-v2.0.0/sdk/lib\libSENSIT_SDK_V2.0.0.a(aes.o)
                0x0800385c                AESEncode
 .text.calibReadHSI48clk
                0x08003a1c       0x84 D:/ITI/Senseit/hei-2018-2019-lab-sens-it-paulze-levoir-lemarec-master/hei-2018-2019-lab-sens-it-paulze-levoir-lemarec-master/sensit-sdk-v2.0.0/sdk/lib\libSENSIT_SDK_V2.0.0.a(calib.o)
 .text.calibRTCclkIsCalibrated
                0x08003aa0      0x1a0 D:/ITI/Senseit/hei-2018-2019-lab-sens-it-paulze-levoir-lemarec-master/hei-2018-2019-lab-sens-it-paulze-levoir-lemarec-master/sensit-sdk-v2.0.0/sdk/lib\libSENSIT_SDK_V2.0.0.a(calib.o)
                0x08003aa0                calibRTCclkIsCalibrated
 .text.calibHSI48clkIsCalibrated
                0x08003c40       0x90 D:/ITI/Senseit/hei-2018-2019-lab-sens-it-paulze-levoir-lemarec-master/hei-2018-2019-lab-sens-it-paulze-levoir-lemarec-master/sensit-sdk-v2.0.0/sdk/lib\libSENSIT_SDK_V2.0.0.a(calib.o)
                0x08003c40                calibHSI48clkIsCalibrated
 .text.CC1125_send_strobe
                0x08003cd0       0x2c D:/ITI/Senseit/hei-2018-2019-lab-sens-it-paulze-levoir-lemarec-master/hei-2018-2019-lab-sens-it-paulze-levoir-lemarec-master/sensit-sdk-v2.0.0/sdk/lib\libSENSIT_SDK_V2.0.0.a(cc1125.o)
                0x08003cd0                CC1125_send_strobe
 .text.CC1125_write_reg
                0x08003cfc       0x54 D:/ITI/Senseit/hei-2018-2019-lab-sens-it-paulze-levoir-lemarec-master/hei-2018-2019-lab-sens-it-paulze-levoir-lemarec-master/sensit-sdk-v2.0.0/sdk/lib\libSENSIT_SDK_V2.0.0.a(cc1125.o)
                0x08003cfc                CC1125_write_reg
 .text.CC1125_read_reg
                0x08003d50       0x54 D:/ITI/Senseit/hei-2018-2019-lab-sens-it-paulze-levoir-lemarec-master/hei-2018-2019-lab-sens-it-paulze-levoir-lemarec-master/sensit-sdk-v2.0.0/sdk/lib\libSENSIT_SDK_V2.0.0.a(cc1125.o)
                0x08003d50                CC1125_read_reg
 .text.CC1125_output_clock
                0x08003da4       0x18 D:/ITI/Senseit/hei-2018-2019-lab-sens-it-paulze-levoir-lemarec-master/hei-2018-2019-lab-sens-it-paulze-levoir-lemarec-master/sensit-sdk-v2.0.0/sdk/lib\libSENSIT_SDK_V2.0.0.a(cc1125.o)
                0x08003da4                CC1125_output_clock
 .text.CRC_compute
                0x08003dbc       0x4c D:/ITI/Senseit/hei-2018-2019-lab-sens-it-paulze-levoir-lemarec-master/hei-2018-2019-lab-sens-it-paulze-levoir-lemarec-master/sensit-sdk-v2.0.0/sdk/lib\libSENSIT_SDK_V2.0.0.a(crc.o)
                0x08003dbc                CRC_compute
 .text.FLASH_unlock
                0x08003e08       0x3c D:/ITI/Senseit/hei-2018-2019-lab-sens-it-paulze-levoir-lemarec-master/hei-2018-2019-lab-sens-it-paulze-levoir-lemarec-master/sensit-sdk-v2.0.0/sdk/lib\libSENSIT_SDK_V2.0.0.a(flash.o)
                0x08003e08                FLASH_unlock
 .text.FLASH_lock
                0x08003e44       0x14 D:/ITI/Senseit/hei-2018-2019-lab-sens-it-paulze-levoir-lemarec-master/hei-2018-2019-lab-sens-it-paulze-levoir-lemarec-master/sensit-sdk-v2.0.0/sdk/lib\libSENSIT_SDK_V2.0.0.a(flash.o)
                0x08003e44                FLASH_lock
 .text.FLASH_write
                0x08003e58       0x40 D:/ITI/Senseit/hei-2018-2019-lab-sens-it-paulze-levoir-lemarec-master/hei-2018-2019-lab-sens-it-paulze-levoir-lemarec-master/sensit-sdk-v2.0.0/sdk/lib\libSENSIT_SDK_V2.0.0.a(flash.o)
                0x08003e58                FLASH_write
 .text.FLASH_erase_page
                0x08003e98       0x90 D:/ITI/Senseit/hei-2018-2019-lab-sens-it-paulze-levoir-lemarec-master/hei-2018-2019-lab-sens-it-paulze-levoir-lemarec-master/sensit-sdk-v2.0.0/sdk/lib\libSENSIT_SDK_V2.0.0.a(flash.o)
                0x08003e98                FLASH_erase_page
 .text._handler
                0x08003f28       0x44 D:/ITI/Senseit/hei-2018-2019-lab-sens-it-paulze-levoir-lemarec-master/hei-2018-2019-lab-sens-it-paulze-levoir-lemarec-master/sensit-sdk-v2.0.0/sdk/lib\libSENSIT_SDK_V2.0.0.a(gpio.o)
 .text.GPIO_init
                0x08003f6c       0xcc D:/ITI/Senseit/hei-2018-2019-lab-sens-it-paulze-levoir-lemarec-master/hei-2018-2019-lab-sens-it-paulze-levoir-lemarec-master/sensit-sdk-v2.0.0/sdk/lib\libSENSIT_SDK_V2.0.0.a(gpio.o)
                0x08003f6c                GPIO_init
 .text.EXTI4_15_IRQHandler
                0x08004038       0x88 D:/ITI/Senseit/hei-2018-2019-lab-sens-it-paulze-levoir-lemarec-master/hei-2018-2019-lab-sens-it-paulze-levoir-lemarec-master/sensit-sdk-v2.0.0/sdk/lib\libSENSIT_SDK_V2.0.0.a(gpio.o)
                0x08004038                EXTI4_15_IRQHandler
 .text.HardFault_Handler
                0x080040c0        0x8 D:/ITI/Senseit/hei-2018-2019-lab-sens-it-paulze-levoir-lemarec-master/hei-2018-2019-lab-sens-it-paulze-levoir-lemarec-master/sensit-sdk-v2.0.0/sdk/lib\libSENSIT_SDK_V2.0.0.a(gpio.o)
                0x080040c0                HardFault_Handler
 .text.NMI_Handler
                0x080040c8        0x8 D:/ITI/Senseit/hei-2018-2019-lab-sens-it-paulze-levoir-lemarec-master/hei-2018-2019-lab-sens-it-paulze-levoir-lemarec-master/sensit-sdk-v2.0.0/sdk/lib\libSENSIT_SDK_V2.0.0.a(gpio.o)
                0x080040c8                NMI_Handler
 .text.WWDG_IRQHandler
                0x080040d0        0x8 D:/ITI/Senseit/hei-2018-2019-lab-sens-it-paulze-levoir-lemarec-master/hei-2018-2019-lab-sens-it-paulze-levoir-lemarec-master/sensit-sdk-v2.0.0/sdk/lib\libSENSIT_SDK_V2.0.0.a(gpio.o)
                0x080040d0                WWDG_IRQHandler
 .text.I2C_init
                0x080040d8       0x30 D:/ITI/Senseit/hei-2018-2019-lab-sens-it-paulze-levoir-lemarec-master/hei-2018-2019-lab-sens-it-paulze-levoir-lemarec-master/sensit-sdk-v2.0.0/sdk/lib\libSENSIT_SDK_V2.0.0.a(i2c.o)
                0x080040d8                I2C_init
 .text.I2C_write_read
                0x08004108      0x160 D:/ITI/Senseit/hei-2018-2019-lab-sens-it-paulze-levoir-lemarec-master/hei-2018-2019-lab-sens-it-paulze-levoir-lemarec-master/sensit-sdk-v2.0.0/sdk/lib\libSENSIT_SDK_V2.0.0.a(i2c.o)
                0x08004108                I2C_write_read
 .text.LED_set_toggle_color
                0x08004268        0xc D:/ITI/Senseit/hei-2018-2019-lab-sens-it-paulze-levoir-lemarec-master/hei-2018-2019-lab-sens-it-paulze-levoir-lemarec-master/sensit-sdk-v2.0.0/sdk/lib\libSENSIT_SDK_V2.0.0.a(led.o)
                0x08004268                LED_set_toggle_color
 .text.LED_toggle
                0x08004274       0x5c D:/ITI/Senseit/hei-2018-2019-lab-sens-it-paulze-levoir-lemarec-master/hei-2018-2019-lab-sens-it-paulze-levoir-lemarec-master/sensit-sdk-v2.0.0/sdk/lib\libSENSIT_SDK_V2.0.0.a(led.o)
                0x08004274                LED_toggle
 .text.my_memcpy
                0x080042d0       0x1c D:/ITI/Senseit/hei-2018-2019-lab-sens-it-paulze-levoir-lemarec-master/hei-2018-2019-lab-sens-it-paulze-levoir-lemarec-master/sensit-sdk-v2.0.0/sdk/lib\libSENSIT_SDK_V2.0.0.a(my_string.o)
                0x080042d0                my_memcpy
 .text.my_memcmp
                0x080042ec       0x1c D:/ITI/Senseit/hei-2018-2019-lab-sens-it-paulze-levoir-lemarec-master/hei-2018-2019-lab-sens-it-paulze-levoir-lemarec-master/sensit-sdk-v2.0.0/sdk/lib\libSENSIT_SDK_V2.0.0.a(my_string.o)
                0x080042ec                my_memcmp
 .text.RF_API_init
                0x08004308       0x64 D:/ITI/Senseit/hei-2018-2019-lab-sens-it-paulze-levoir-lemarec-master/hei-2018-2019-lab-sens-it-paulze-levoir-lemarec-master/sensit-sdk-v2.0.0/sdk/lib\libSENSIT_SDK_V2.0.0.a(rf_api.o)
                0x08004308                RF_API_init
 .text.RF_API_stop
                0x0800436c       0x28 D:/ITI/Senseit/hei-2018-2019-lab-sens-it-paulze-levoir-lemarec-master/hei-2018-2019-lab-sens-it-paulze-levoir-lemarec-master/sensit-sdk-v2.0.0/sdk/lib\libSENSIT_SDK_V2.0.0.a(rf_api.o)
                0x0800436c                RF_API_stop
 .text.RF_API_send
                0x08004394       0x3c D:/ITI/Senseit/hei-2018-2019-lab-sens-it-paulze-levoir-lemarec-master/hei-2018-2019-lab-sens-it-paulze-levoir-lemarec-master/sensit-sdk-v2.0.0/sdk/lib\libSENSIT_SDK_V2.0.0.a(rf_api.o)
                0x08004394                RF_API_send
 .text.RF_API_change_frequency
                0x080043d0      0x180 D:/ITI/Senseit/hei-2018-2019-lab-sens-it-paulze-levoir-lemarec-master/hei-2018-2019-lab-sens-it-paulze-levoir-lemarec-master/sensit-sdk-v2.0.0/sdk/lib\libSENSIT_SDK_V2.0.0.a(rf_api.o)
                0x080043d0                RF_API_change_frequency
 .text.RF_API_wait_frame
                0x08004550       0xe0 D:/ITI/Senseit/hei-2018-2019-lab-sens-it-paulze-levoir-lemarec-master/hei-2018-2019-lab-sens-it-paulze-levoir-lemarec-master/sensit-sdk-v2.0.0/sdk/lib\libSENSIT_SDK_V2.0.0.a(rf_api.o)
                0x08004550                RF_API_wait_frame
 .text.RF_API_wait_for_clear_channel
                0x08004630       0xb0 D:/ITI/Senseit/hei-2018-2019-lab-sens-it-paulze-levoir-lemarec-master/hei-2018-2019-lab-sens-it-paulze-levoir-lemarec-master/sensit-sdk-v2.0.0/sdk/lib\libSENSIT_SDK_V2.0.0.a(rf_api.o)
                0x08004630                RF_API_wait_for_clear_channel
 .text.SIGFOX_CRC_crc16
                0x080046e0       0x3c D:/ITI/Senseit/hei-2018-2019-lab-sens-it-paulze-levoir-lemarec-master/hei-2018-2019-lab-sens-it-paulze-levoir-lemarec-master/sensit-sdk-v2.0.0/sdk/lib\libSENSIT_SDK_V2.0.0.a(sigfox_crc.o)
                0x080046e0                SIGFOX_CRC_crc16
 .text.SIGFOX_CRC_crc8
                0x0800471c       0x34 D:/ITI/Senseit/hei-2018-2019-lab-sens-it-paulze-levoir-lemarec-master/hei-2018-2019-lab-sens-it-paulze-levoir-lemarec-master/sensit-sdk-v2.0.0/sdk/lib\libSENSIT_SDK_V2.0.0.a(sigfox_crc.o)
                0x0800471c                SIGFOX_CRC_crc8
 .text.SIGFOX_DECODE_dewhitening_pn
                0x08004750       0x26 D:/ITI/Senseit/hei-2018-2019-lab-sens-it-paulze-levoir-lemarec-master/hei-2018-2019-lab-sens-it-paulze-levoir-lemarec-master/sensit-sdk-v2.0.0/sdk/lib\libSENSIT_SDK_V2.0.0.a(sigfox_decode.o)
 *fill*         0x08004776        0x2 
 .text.SIGFOX_DECODE_decode_frame
                0x08004778      0x164 D:/ITI/Senseit/hei-2018-2019-lab-sens-it-paulze-levoir-lemarec-master/hei-2018-2019-lab-sens-it-paulze-levoir-lemarec-master/sensit-sdk-v2.0.0/sdk/lib\libSENSIT_SDK_V2.0.0.a(sigfox_decode.o)
                0x08004778                SIGFOX_DECODE_decode_frame
 .text.SIGFOX_HMAC_compute_aes
                0x080048dc       0x54 D:/ITI/Senseit/hei-2018-2019-lab-sens-it-paulze-levoir-lemarec-master/hei-2018-2019-lab-sens-it-paulze-levoir-lemarec-master/sensit-sdk-v2.0.0/sdk/lib\libSENSIT_SDK_V2.0.0.a(sigfox_hmac.o)
                0x080048dc                SIGFOX_HMAC_compute_aes
 .text.PCD_WritePMA
                0x08004930       0x28 D:/ITI/Senseit/hei-2018-2019-lab-sens-it-paulze-levoir-lemarec-master/hei-2018-2019-lab-sens-it-paulze-levoir-lemarec-master/sensit-sdk-v2.0.0/sdk/lib\libSENSIT_SDK_V2.0.0.a(stm32f0xx_hal_pcd.o)
 .text.PCD_ReadPMA
                0x08004958       0x20 D:/ITI/Senseit/hei-2018-2019-lab-sens-it-paulze-levoir-lemarec-master/hei-2018-2019-lab-sens-it-paulze-levoir-lemarec-master/sensit-sdk-v2.0.0/sdk/lib\libSENSIT_SDK_V2.0.0.a(stm32f0xx_hal_pcd.o)
 .text.HAL_PCD_SetAddress
                0x08004978       0x2c D:/ITI/Senseit/hei-2018-2019-lab-sens-it-paulze-levoir-lemarec-master/hei-2018-2019-lab-sens-it-paulze-levoir-lemarec-master/sensit-sdk-v2.0.0/sdk/lib\libSENSIT_SDK_V2.0.0.a(stm32f0xx_hal_pcd.o)
                0x08004978                HAL_PCD_SetAddress
 .text.HAL_PCD_EP_Open
                0x080049a4      0x2b0 D:/ITI/Senseit/hei-2018-2019-lab-sens-it-paulze-levoir-lemarec-master/hei-2018-2019-lab-sens-it-paulze-levoir-lemarec-master/sensit-sdk-v2.0.0/sdk/lib\libSENSIT_SDK_V2.0.0.a(stm32f0xx_hal_pcd.o)
                0x080049a4                HAL_PCD_EP_Open
 .text.HAL_PCD_EP_Receive
                0x08004c54       0xe8 D:/ITI/Senseit/hei-2018-2019-lab-sens-it-paulze-levoir-lemarec-master/hei-2018-2019-lab-sens-it-paulze-levoir-lemarec-master/sensit-sdk-v2.0.0/sdk/lib\libSENSIT_SDK_V2.0.0.a(stm32f0xx_hal_pcd.o)
                0x08004c54                HAL_PCD_EP_Receive
 .text.HAL_PCD_EP_Transmit
                0x08004d3c      0x1e4 D:/ITI/Senseit/hei-2018-2019-lab-sens-it-paulze-levoir-lemarec-master/hei-2018-2019-lab-sens-it-paulze-levoir-lemarec-master/sensit-sdk-v2.0.0/sdk/lib\libSENSIT_SDK_V2.0.0.a(stm32f0xx_hal_pcd.o)
                0x08004d3c                HAL_PCD_EP_Transmit
 .text.HAL_PCD_IRQHandler
                0x08004f20      0x464 D:/ITI/Senseit/hei-2018-2019-lab-sens-it-paulze-levoir-lemarec-master/hei-2018-2019-lab-sens-it-paulze-levoir-lemarec-master/sensit-sdk-v2.0.0/sdk/lib\libSENSIT_SDK_V2.0.0.a(stm32f0xx_hal_pcd.o)
                0x08004f20                HAL_PCD_IRQHandler
 .text.HAL_PCD_EP_SetStall
                0x08005384       0x90 D:/ITI/Senseit/hei-2018-2019-lab-sens-it-paulze-levoir-lemarec-master/hei-2018-2019-lab-sens-it-paulze-levoir-lemarec-master/sensit-sdk-v2.0.0/sdk/lib\libSENSIT_SDK_V2.0.0.a(stm32f0xx_hal_pcd.o)
                0x08005384                HAL_PCD_EP_SetStall
 .text.HAL_PCD_EP_ClrStall
                0x08005414       0xbc D:/ITI/Senseit/hei-2018-2019-lab-sens-it-paulze-levoir-lemarec-master/hei-2018-2019-lab-sens-it-paulze-levoir-lemarec-master/sensit-sdk-v2.0.0/sdk/lib\libSENSIT_SDK_V2.0.0.a(stm32f0xx_hal_pcd.o)
                0x08005414                HAL_PCD_EP_ClrStall
 .text.MODULATION_ramp_up
                0x080054d0       0x28 D:/ITI/Senseit/hei-2018-2019-lab-sens-it-paulze-levoir-lemarec-master/hei-2018-2019-lab-sens-it-paulze-levoir-lemarec-master/sensit-sdk-v2.0.0/sdk/lib\libSENSIT_SDK_V2.0.0.a(modulation.o)
 .text.MODULATION_ramp_down
                0x080054f8       0x2c D:/ITI/Senseit/hei-2018-2019-lab-sens-it-paulze-levoir-lemarec-master/hei-2018-2019-lab-sens-it-paulze-levoir-lemarec-master/sensit-sdk-v2.0.0/sdk/lib\libSENSIT_SDK_V2.0.0.a(modulation.o)
 .text.MODULATION_init
                0x08005524       0xe0 D:/ITI/Senseit/hei-2018-2019-lab-sens-it-paulze-levoir-lemarec-master/hei-2018-2019-lab-sens-it-paulze-levoir-lemarec-master/sensit-sdk-v2.0.0/sdk/lib\libSENSIT_SDK_V2.0.0.a(modulation.o)
                0x08005524                MODULATION_init
 .text.MODULATION_stop
                0x08005604       0x3c D:/ITI/Senseit/hei-2018-2019-lab-sens-it-paulze-levoir-lemarec-master/hei-2018-2019-lab-sens-it-paulze-levoir-lemarec-master/sensit-sdk-v2.0.0/sdk/lib\libSENSIT_SDK_V2.0.0.a(modulation.o)
                0x08005604                MODULATION_stop
 .text.MODULATION_process
                0x08005640       0xa4 D:/ITI/Senseit/hei-2018-2019-lab-sens-it-paulze-levoir-lemarec-master/hei-2018-2019-lab-sens-it-paulze-levoir-lemarec-master/sensit-sdk-v2.0.0/sdk/lib\libSENSIT_SDK_V2.0.0.a(modulation.o)
                0x08005640                MODULATION_process
 .text.TIM2_IRQHandler
                0x080056e4       0x2c D:/ITI/Senseit/hei-2018-2019-lab-sens-it-paulze-levoir-lemarec-master/hei-2018-2019-lab-sens-it-paulze-levoir-lemarec-master/sensit-sdk-v2.0.0/sdk/lib\libSENSIT_SDK_V2.0.0.a(modulation.o)
                0x080056e4                TIM2_IRQHandler
 .text.__libc_init_array
                0x08005710       0x48 c:/program files (x86)/gnu tools arm embedded/7 2018-q2-update/bin/../lib/gcc/arm-none-eabi/7.3.1/../../../../arm-none-eabi/lib/thumb/v6-m\libc.a(lib_a-init.o)
                0x08005710                __libc_init_array
 .text.memset   0x08005758       0x9c c:/program files (x86)/gnu tools arm embedded/7 2018-q2-update/bin/../lib/gcc/arm-none-eabi/7.3.1/../../../../arm-none-eabi/lib/thumb/v6-m\libc.a(lib_a-memset.o)
                0x08005758                memset
 *(.glue_7)
 .glue_7        0x080057f4        0x0 linker stubs
 *(.glue_7t)
 .glue_7t       0x080057f4        0x0 linker stubs
 *(.eh_frame)
 *(.init)
 *(.fini)
                0x080057f4                . = ALIGN (0x4)
                0x080057f4                _etext = .

.vfp11_veneer   0x080057f4        0x0
 .vfp11_veneer  0x080057f4        0x0 linker stubs

.v4_bx          0x080057f4        0x0
 .v4_bx         0x080057f4        0x0 linker stubs

.iplt           0x080057f4        0x0
 .iplt          0x080057f4        0x0 D:/ITI/Senseit/hei-2018-2019-lab-sens-it-paulze-levoir-lemarec-master/hei-2018-2019-lab-sens-it-paulze-levoir-lemarec-master/sensit-sdk-v2.0.0/sdk/obj/error.o

.rodata         0x080057f4      0x3c4
                0x080057f4                . = ALIGN (0x4)
 *(.rodata)
 .rodata        0x080057f4       0x10 D:/ITI/Senseit/hei-2018-2019-lab-sens-it-paulze-levoir-lemarec-master/hei-2018-2019-lab-sens-it-paulze-levoir-lemarec-master/sensit-sdk-v2.0.0/sdk/lib\libSENSIT_SDK_V2.0.0.a(nvmem_api.o)
 .rodata        0x08005804       0x34 D:/ITI/Senseit/hei-2018-2019-lab-sens-it-paulze-levoir-lemarec-master/hei-2018-2019-lab-sens-it-paulze-levoir-lemarec-master/sensit-sdk-v2.0.0/sdk/lib\libSENSIT_SDK_V2.0.0.a(sigfox_internal.o)
                0x08005804                fsync_lut_tx
                0x08005828                public_key
 .rodata        0x08005838       0x10 D:/ITI/Senseit/hei-2018-2019-lab-sens-it-paulze-levoir-lemarec-master/hei-2018-2019-lab-sens-it-paulze-levoir-lemarec-master/sensit-sdk-v2.0.0/sdk/lib\libSENSIT_SDK_V2.0.0.a(sigfox_scramb.o)
 .rodata        0x08005848      0x100 D:/ITI/Senseit/hei-2018-2019-lab-sens-it-paulze-levoir-lemarec-master/hei-2018-2019-lab-sens-it-paulze-levoir-lemarec-master/sensit-sdk-v2.0.0/sdk/lib\libSENSIT_SDK_V2.0.0.a(aes.o)
                0x08005848                STable
 .rodata        0x08005948      0x190 D:/ITI/Senseit/hei-2018-2019-lab-sens-it-paulze-levoir-lemarec-master/hei-2018-2019-lab-sens-it-paulze-levoir-lemarec-master/sensit-sdk-v2.0.0/sdk/lib\libSENSIT_SDK_V2.0.0.a(rf_api.o)
 .rodata        0x08005ad8       0x20 D:/ITI/Senseit/hei-2018-2019-lab-sens-it-paulze-levoir-lemarec-master/hei-2018-2019-lab-sens-it-paulze-levoir-lemarec-master/sensit-sdk-v2.0.0/sdk/lib\libSENSIT_SDK_V2.0.0.a(sigfox_decode.o)
                0x08005ad8                pow_alpha
                0x08005ae8                log_alpha
 .rodata        0x08005af8       0x80 c:/program files (x86)/gnu tools arm embedded/7 2018-q2-update/bin/../lib/gcc/arm-none-eabi/7.3.1/thumb/v6-m\libgcc.a(divsf3.o)
 .rodata        0x08005b78       0x40 c:/program files (x86)/gnu tools arm embedded/7 2018-q2-update/bin/../lib/gcc/arm-none-eabi/7.3.1/thumb/v6-m\libgcc.a(mulsf3.o)
 *(.rodata*)
                0x08005bb8                . = ALIGN (0x4)

.rel.dyn        0x08005bb8        0x0
 .rel.iplt      0x08005bb8        0x0 D:/ITI/Senseit/hei-2018-2019-lab-sens-it-paulze-levoir-lemarec-master/hei-2018-2019-lab-sens-it-paulze-levoir-lemarec-master/sensit-sdk-v2.0.0/sdk/obj/error.o

.ARM.extab      0x08005bb8        0x0
                0x08005bb8                . = ALIGN (0x4)
 *(.ARM.extab* .gnu.linkonce.armextab.*)
                0x08005bb8                . = ALIGN (0x4)

.ARM            0x08005bb8        0x0
                0x08005bb8                . = ALIGN (0x4)
                0x08005bb8                __exidx_start = .
 *(.ARM.exidx*)
                0x08005bb8                __exidx_end = .
                0x08005bb8                . = ALIGN (0x4)

.preinit_array  0x08005bb8        0x0
                0x08005bb8                . = ALIGN (0x4)
                0x08005bb8                PROVIDE (__preinit_array_start = .)
 *(.preinit_array*)
                0x08005bb8                PROVIDE (__preinit_array_end = .)
                0x08005bb8                . = ALIGN (0x4)

.init_array     0x08005bb8        0x0
                0x08005bb8                . = ALIGN (0x4)
                0x08005bb8                PROVIDE (__init_array_start = .)
 *(SORT_BY_NAME(.init_array.*))
 *(.init_array*)
                0x08005bb8                PROVIDE (__init_array_end = .)
                0x08005bb8                . = ALIGN (0x4)

.fini_array     0x08005bb8        0x0
                0x08005bb8                . = ALIGN (0x4)
                [!provide]                PROVIDE (__fini_array_start = .)
 *(SORT_BY_NAME(.fini_array.*))
 *(.fini_array*)
                [!provide]                PROVIDE (__fini_array_end = .)
                0x08005bb8                . = ALIGN (0x4)
                0x08005bb8                _sidata = LOADADDR (.data)

.data           0x20000000      0x148 load address 0x08005bb8
                0x20000000                . = ALIGN (0x4)
                0x20000000                _sdata = .
 *(.data)
 .data          0x20000000        0x2 D:/ITI/Senseit/hei-2018-2019-lab-sens-it-paulze-levoir-lemarec-master/hei-2018-2019-lab-sens-it-paulze-levoir-lemarec-master/sensit-sdk-v2.0.0/sdk/obj/battery.o
 .data          0x20000002       0x10 D:/ITI/Senseit/hei-2018-2019-lab-sens-it-paulze-levoir-lemarec-master/hei-2018-2019-lab-sens-it-paulze-levoir-lemarec-master/sensit-sdk-v2.0.0/sdk/obj/main.o
                0x20000002                firmware_version
 .data          0x20000012       0x15 D:/ITI/Senseit/hei-2018-2019-lab-sens-it-paulze-levoir-lemarec-master/hei-2018-2019-lab-sens-it-paulze-levoir-lemarec-master/sensit-sdk-v2.0.0/sdk/lib\libSENSIT_SDK_V2.0.0.a(nvmem_api.o)
 .data          0x20000027        0x1 D:/ITI/Senseit/hei-2018-2019-lab-sens-it-paulze-levoir-lemarec-master/hei-2018-2019-lab-sens-it-paulze-levoir-lemarec-master/sensit-sdk-v2.0.0/sdk/lib\libSENSIT_SDK_V2.0.0.a(radio.o)
 .data          0x20000028      0x11d D:/ITI/Senseit/hei-2018-2019-lab-sens-it-paulze-levoir-lemarec-master/hei-2018-2019-lab-sens-it-paulze-levoir-lemarec-master/sensit-sdk-v2.0.0/sdk/lib\libSENSIT_SDK_V2.0.0.a(modulation.o)
 *(.data*)
                0x20000148                . = ALIGN (0x4)
 *fill*         0x20000145        0x3 
                0x20000148                _edata = .

.igot.plt       0x20000148        0x0 load address 0x08005d00
 .igot.plt      0x20000148        0x0 D:/ITI/Senseit/hei-2018-2019-lab-sens-it-paulze-levoir-lemarec-master/hei-2018-2019-lab-sens-it-paulze-levoir-lemarec-master/sensit-sdk-v2.0.0/sdk/obj/error.o
                0x20000148                . = ALIGN (0x4)

.bss            0x20000148      0x528 load address 0x08005d00
                0x20000148                _sbss = .
                0x20000148                __bss_start__ = _sbss
 *(.bss)
 .bss           0x20000148        0x1 D:/ITI/Senseit/hei-2018-2019-lab-sens-it-paulze-levoir-lemarec-master/hei-2018-2019-lab-sens-it-paulze-levoir-lemarec-master/sensit-sdk-v2.0.0/sdk/obj/radio_api.o
 *fill*         0x20000149        0x3 
 .bss           0x2000014c       0x50 D:/ITI/Senseit/hei-2018-2019-lab-sens-it-paulze-levoir-lemarec-master/hei-2018-2019-lab-sens-it-paulze-levoir-lemarec-master/sensit-sdk-v2.0.0/sdk/obj/etsi.o
 .bss           0x2000019c       0x10 D:/ITI/Senseit/hei-2018-2019-lab-sens-it-paulze-levoir-lemarec-master/hei-2018-2019-lab-sens-it-paulze-levoir-lemarec-master/sensit-sdk-v2.0.0/sdk/obj/fcc.o
 .bss           0x200001ac       0x10 D:/ITI/Senseit/hei-2018-2019-lab-sens-it-paulze-levoir-lemarec-master/hei-2018-2019-lab-sens-it-paulze-levoir-lemarec-master/sensit-sdk-v2.0.0/sdk/obj/hts221.o
 .bss           0x200001bc       0x14 D:/ITI/Senseit/hei-2018-2019-lab-sens-it-paulze-levoir-lemarec-master/hei-2018-2019-lab-sens-it-paulze-levoir-lemarec-master/sensit-sdk-v2.0.0/sdk/lib\libSENSIT_SDK_V2.0.0.a(nvmem_api.o)
 .bss           0x200001d0        0x1 D:/ITI/Senseit/hei-2018-2019-lab-sens-it-paulze-levoir-lemarec-master/hei-2018-2019-lab-sens-it-paulze-levoir-lemarec-master/sensit-sdk-v2.0.0/sdk/lib\libSENSIT_SDK_V2.0.0.a(radio.o)
 *fill*         0x200001d1        0x3 
 .bss           0x200001d4        0xc D:/ITI/Senseit/hei-2018-2019-lab-sens-it-paulze-levoir-lemarec-master/hei-2018-2019-lab-sens-it-paulze-levoir-lemarec-master/sensit-sdk-v2.0.0/sdk/lib\libSENSIT_SDK_V2.0.0.a(rtc.o)
                0x200001d4                rtc_current_time
                0x200001d8                rtc_alarm_timer
                0x200001dc                rx_timer
 .bss           0x200001e0        0x1 D:/ITI/Senseit/hei-2018-2019-lab-sens-it-paulze-levoir-lemarec-master/hei-2018-2019-lab-sens-it-paulze-levoir-lemarec-master/sensit-sdk-v2.0.0/sdk/lib\libSENSIT_SDK_V2.0.0.a(sigfox_api.o)
                0x200001e0                g_state
 .bss           0x200001e1        0x1 D:/ITI/Senseit/hei-2018-2019-lab-sens-it-paulze-levoir-lemarec-master/hei-2018-2019-lab-sens-it-paulze-levoir-lemarec-master/sensit-sdk-v2.0.0/sdk/lib\libSENSIT_SDK_V2.0.0.a(sleep.o)
 .bss           0x200001e2      0x204 D:/ITI/Senseit/hei-2018-2019-lab-sens-it-paulze-levoir-lemarec-master/hei-2018-2019-lab-sens-it-paulze-levoir-lemarec-master/sensit-sdk-v2.0.0/sdk/lib\libSENSIT_SDK_V2.0.0.a(uart.o)
 .bss           0x200003e6        0x1 D:/ITI/Senseit/hei-2018-2019-lab-sens-it-paulze-levoir-lemarec-master/hei-2018-2019-lab-sens-it-paulze-levoir-lemarec-master/sensit-sdk-v2.0.0/sdk/lib\libSENSIT_SDK_V2.0.0.a(usbd_ctlreq.o)
 *fill*         0x200003e7        0x1 
 .bss           0x200003e8        0x4 D:/ITI/Senseit/hei-2018-2019-lab-sens-it-paulze-levoir-lemarec-master/hei-2018-2019-lab-sens-it-paulze-levoir-lemarec-master/sensit-sdk-v2.0.0/sdk/lib\libSENSIT_SDK_V2.0.0.a(adc.o)
 .bss           0x200003ec        0xc D:/ITI/Senseit/hei-2018-2019-lab-sens-it-paulze-levoir-lemarec-master/hei-2018-2019-lab-sens-it-paulze-levoir-lemarec-master/sensit-sdk-v2.0.0/sdk/lib\libSENSIT_SDK_V2.0.0.a(calib.o)
 .bss           0x200003f8        0x1 D:/ITI/Senseit/hei-2018-2019-lab-sens-it-paulze-levoir-lemarec-master/hei-2018-2019-lab-sens-it-paulze-levoir-lemarec-master/sensit-sdk-v2.0.0/sdk/lib\libSENSIT_SDK_V2.0.0.a(led.o)
 *fill*         0x200003f9        0x3 
 .bss           0x200003fc       0x1d D:/ITI/Senseit/hei-2018-2019-lab-sens-it-paulze-levoir-lemarec-master/hei-2018-2019-lab-sens-it-paulze-levoir-lemarec-master/sensit-sdk-v2.0.0/sdk/lib\libSENSIT_SDK_V2.0.0.a(modulation.o)
 *(.bss*)
 *(COMMON)
 COMMON         0x20000419        0x1 D:/ITI/Senseit/hei-2018-2019-lab-sens-it-paulze-levoir-lemarec-master/hei-2018-2019-lab-sens-it-paulze-levoir-lemarec-master/sensit-sdk-v2.0.0/sdk/obj/error.o
                0x20000419                pending_interrupt
 *fill*         0x2000041a        0x2 
 COMMON         0x2000041c        0x9 D:/ITI/Senseit/hei-2018-2019-lab-sens-it-paulze-levoir-lemarec-master/hei-2018-2019-lab-sens-it-paulze-levoir-lemarec-master/sensit-sdk-v2.0.0/sdk/lib\libSENSIT_SDK_V2.0.0.a(mcu_api.o)
                0x2000041c                sleep_end
                0x20000420                cs_timer
                0x20000424                tx_end
 *fill*         0x20000425        0x3 
 COMMON         0x20000428        0x4 D:/ITI/Senseit/hei-2018-2019-lab-sens-it-paulze-levoir-lemarec-master/hei-2018-2019-lab-sens-it-paulze-levoir-lemarec-master/sensit-sdk-v2.0.0/sdk/lib\libSENSIT_SDK_V2.0.0.a(rtc.o)
                0x20000428                rtc_alarm_reload
 COMMON         0x2000042c        0x4 D:/ITI/Senseit/hei-2018-2019-lab-sens-it-paulze-levoir-lemarec-master/hei-2018-2019-lab-sens-it-paulze-levoir-lemarec-master/sensit-sdk-v2.0.0/sdk/lib\libSENSIT_SDK_V2.0.0.a(sigfox_api.o)
                0x2000042c                rs
 COMMON         0x20000430      0x220 D:/ITI/Senseit/hei-2018-2019-lab-sens-it-paulze-levoir-lemarec-master/hei-2018-2019-lab-sens-it-paulze-levoir-lemarec-master/sensit-sdk-v2.0.0/sdk/lib\libSENSIT_SDK_V2.0.0.a(usbd_conf.o)
                0x20000430                hpcd_USB_FS
 COMMON         0x20000650       0x20 D:/ITI/Senseit/hei-2018-2019-lab-sens-it-paulze-levoir-lemarec-master/hei-2018-2019-lab-sens-it-paulze-levoir-lemarec-master/sensit-sdk-v2.0.0/sdk/lib\libSENSIT_SDK_V2.0.0.a(sigfox_hmac.o)
                0x20000650                aes_in
                0x20000670                . = ALIGN (0x4)
                0x20000670                _ebss = .
                0x20000670                __bss_end__ = _ebss

._user_heap_stack
                0x20000670      0x400 load address 0x08005d00
                0x20000670                . = ALIGN (0x8)
                [!provide]                PROVIDE (end = .)
                [!provide]                PROVIDE (_end = .)
                0x20000670                . = (. + _Min_Heap_Size)
                0x20000a70                . = (. + _Min_Stack_Size)
 *fill*         0x20000670      0x400 
                0x20000a70                . = ALIGN (0x8)

/DISCARD/
 libc.a(*)
 libm.a(*)
 libgcc.a(*)

.ARM.attributes
                0x00000000       0x2f
 *(.ARM.attributes)
 .ARM.attributes
                0x00000000       0x31 D:/ITI/Senseit/hei-2018-2019-lab-sens-it-paulze-levoir-lemarec-master/hei-2018-2019-lab-sens-it-paulze-levoir-lemarec-master/sensit-sdk-v2.0.0/sdk/obj/error.o
 .ARM.attributes
                0x00000031       0x31 D:/ITI/Senseit/hei-2018-2019-lab-sens-it-paulze-levoir-lemarec-master/hei-2018-2019-lab-sens-it-paulze-levoir-lemarec-master/sensit-sdk-v2.0.0/sdk/obj/button.o
 .ARM.attributes
                0x00000062       0x31 D:/ITI/Senseit/hei-2018-2019-lab-sens-it-paulze-levoir-lemarec-master/hei-2018-2019-lab-sens-it-paulze-levoir-lemarec-master/sensit-sdk-v2.0.0/sdk/obj/battery.o
 .ARM.attributes
                0x00000093       0x31 D:/ITI/Senseit/hei-2018-2019-lab-sens-it-paulze-levoir-lemarec-master/hei-2018-2019-lab-sens-it-paulze-levoir-lemarec-master/sensit-sdk-v2.0.0/sdk/obj/callback.o
 .ARM.attributes
                0x000000c4       0x31 D:/ITI/Senseit/hei-2018-2019-lab-sens-it-paulze-levoir-lemarec-master/hei-2018-2019-lab-sens-it-paulze-levoir-lemarec-master/sensit-sdk-v2.0.0/sdk/obj/radio_api.o
 .ARM.attributes
                0x000000f5       0x31 D:/ITI/Senseit/hei-2018-2019-lab-sens-it-paulze-levoir-lemarec-master/hei-2018-2019-lab-sens-it-paulze-levoir-lemarec-master/sensit-sdk-v2.0.0/sdk/obj/etsi.o
 .ARM.attributes
                0x00000126       0x31 D:/ITI/Senseit/hei-2018-2019-lab-sens-it-paulze-levoir-lemarec-master/hei-2018-2019-lab-sens-it-paulze-levoir-lemarec-master/sensit-sdk-v2.0.0/sdk/obj/fcc.o
 .ARM.attributes
                0x00000157       0x31 D:/ITI/Senseit/hei-2018-2019-lab-sens-it-paulze-levoir-lemarec-master/hei-2018-2019-lab-sens-it-paulze-levoir-lemarec-master/sensit-sdk-v2.0.0/sdk/obj/hts221.o
 .ARM.attributes
                0x00000188       0x31 D:/ITI/Senseit/hei-2018-2019-lab-sens-it-paulze-levoir-lemarec-master/hei-2018-2019-lab-sens-it-paulze-levoir-lemarec-master/sensit-sdk-v2.0.0/sdk/obj/ltr329.o
 .ARM.attributes
                0x000001b9       0x31 D:/ITI/Senseit/hei-2018-2019-lab-sens-it-paulze-levoir-lemarec-master/hei-2018-2019-lab-sens-it-paulze-levoir-lemarec-master/sensit-sdk-v2.0.0/sdk/obj/fxos8700.o
 .ARM.attributes
                0x000001ea       0x31 D:/ITI/Senseit/hei-2018-2019-lab-sens-it-paulze-levoir-lemarec-master/hei-2018-2019-lab-sens-it-paulze-levoir-lemarec-master/sensit-sdk-v2.0.0/sdk/obj/discovery.o
 .ARM.attributes
                0x0000021b       0x31 D:/ITI/Senseit/hei-2018-2019-lab-sens-it-paulze-levoir-lemarec-master/hei-2018-2019-lab-sens-it-paulze-levoir-lemarec-master/sensit-sdk-v2.0.0/sdk/obj/main.o
 .ARM.attributes
                0x0000024c       0x31 D:/ITI/Senseit/hei-2018-2019-lab-sens-it-paulze-levoir-lemarec-master/hei-2018-2019-lab-sens-it-paulze-levoir-lemarec-master/sensit-sdk-v2.0.0/sdk/lib\libSENSIT_SDK_V2.0.0.a(mcu_api.o)
 .ARM.attributes
                0x0000027d       0x31 D:/ITI/Senseit/hei-2018-2019-lab-sens-it-paulze-levoir-lemarec-master/hei-2018-2019-lab-sens-it-paulze-levoir-lemarec-master/sensit-sdk-v2.0.0/sdk/lib\libSENSIT_SDK_V2.0.0.a(nvmem_api.o)
 .ARM.attributes
                0x000002ae       0x31 D:/ITI/Senseit/hei-2018-2019-lab-sens-it-paulze-levoir-lemarec-master/hei-2018-2019-lab-sens-it-paulze-levoir-lemarec-master/sensit-sdk-v2.0.0/sdk/lib\libSENSIT_SDK_V2.0.0.a(radio.o)
 .ARM.attributes
                0x000002df       0x31 D:/ITI/Senseit/hei-2018-2019-lab-sens-it-paulze-levoir-lemarec-master/hei-2018-2019-lab-sens-it-paulze-levoir-lemarec-master/sensit-sdk-v2.0.0/sdk/lib\libSENSIT_SDK_V2.0.0.a(rtc.o)
 .ARM.attributes
                0x00000310       0x31 D:/ITI/Senseit/hei-2018-2019-lab-sens-it-paulze-levoir-lemarec-master/hei-2018-2019-lab-sens-it-paulze-levoir-lemarec-master/sensit-sdk-v2.0.0/sdk/lib\libSENSIT_SDK_V2.0.0.a(sensit_api.o)
 .ARM.attributes
                0x00000341       0x31 D:/ITI/Senseit/hei-2018-2019-lab-sens-it-paulze-levoir-lemarec-master/hei-2018-2019-lab-sens-it-paulze-levoir-lemarec-master/sensit-sdk-v2.0.0/sdk/lib\libSENSIT_SDK_V2.0.0.a(sigfox_api.o)
 .ARM.attributes
                0x00000372       0x31 D:/ITI/Senseit/hei-2018-2019-lab-sens-it-paulze-levoir-lemarec-master/hei-2018-2019-lab-sens-it-paulze-levoir-lemarec-master/sensit-sdk-v2.0.0/sdk/lib\libSENSIT_SDK_V2.0.0.a(sigfox_internal.o)
 .ARM.attributes
                0x000003a3       0x31 D:/ITI/Senseit/hei-2018-2019-lab-sens-it-paulze-levoir-lemarec-master/hei-2018-2019-lab-sens-it-paulze-levoir-lemarec-master/sensit-sdk-v2.0.0/sdk/lib\libSENSIT_SDK_V2.0.0.a(sigfox_pn.o)
 .ARM.attributes
                0x000003d4       0x31 D:/ITI/Senseit/hei-2018-2019-lab-sens-it-paulze-levoir-lemarec-master/hei-2018-2019-lab-sens-it-paulze-levoir-lemarec-master/sensit-sdk-v2.0.0/sdk/lib\libSENSIT_SDK_V2.0.0.a(sigfox_scramb.o)
 .ARM.attributes
                0x00000405       0x31 D:/ITI/Senseit/hei-2018-2019-lab-sens-it-paulze-levoir-lemarec-master/hei-2018-2019-lab-sens-it-paulze-levoir-lemarec-master/sensit-sdk-v2.0.0/sdk/lib\libSENSIT_SDK_V2.0.0.a(sleep.o)
 .ARM.attributes
                0x00000436       0x31 D:/ITI/Senseit/hei-2018-2019-lab-sens-it-paulze-levoir-lemarec-master/hei-2018-2019-lab-sens-it-paulze-levoir-lemarec-master/sensit-sdk-v2.0.0/sdk/lib\libSENSIT_SDK_V2.0.0.a(spi.o)
 .ARM.attributes
                0x00000467       0x21 D:/ITI/Senseit/hei-2018-2019-lab-sens-it-paulze-levoir-lemarec-master/hei-2018-2019-lab-sens-it-paulze-levoir-lemarec-master/sensit-sdk-v2.0.0/sdk/lib\libSENSIT_SDK_V2.0.0.a(startup_stm32f042x6.o)
 .ARM.attributes
                0x00000488       0x31 D:/ITI/Senseit/hei-2018-2019-lab-sens-it-paulze-levoir-lemarec-master/hei-2018-2019-lab-sens-it-paulze-levoir-lemarec-master/sensit-sdk-v2.0.0/sdk/lib\libSENSIT_SDK_V2.0.0.a(system_stm32f0xx.o)
 .ARM.attributes
                0x000004b9       0x31 D:/ITI/Senseit/hei-2018-2019-lab-sens-it-paulze-levoir-lemarec-master/hei-2018-2019-lab-sens-it-paulze-levoir-lemarec-master/sensit-sdk-v2.0.0/sdk/lib\libSENSIT_SDK_V2.0.0.a(systick.o)
 .ARM.attributes
                0x000004ea       0x31 D:/ITI/Senseit/hei-2018-2019-lab-sens-it-paulze-levoir-lemarec-master/hei-2018-2019-lab-sens-it-paulze-levoir-lemarec-master/sensit-sdk-v2.0.0/sdk/lib\libSENSIT_SDK_V2.0.0.a(uart.o)
 .ARM.attributes
                0x0000051b       0x31 D:/ITI/Senseit/hei-2018-2019-lab-sens-it-paulze-levoir-lemarec-master/hei-2018-2019-lab-sens-it-paulze-levoir-lemarec-master/sensit-sdk-v2.0.0/sdk/lib\libSENSIT_SDK_V2.0.0.a(usbd_conf.o)
 .ARM.attributes
                0x0000054c       0x31 D:/ITI/Senseit/hei-2018-2019-lab-sens-it-paulze-levoir-lemarec-master/hei-2018-2019-lab-sens-it-paulze-levoir-lemarec-master/sensit-sdk-v2.0.0/sdk/lib\libSENSIT_SDK_V2.0.0.a(usbd_core.o)
 .ARM.attributes
                0x0000057d       0x31 D:/ITI/Senseit/hei-2018-2019-lab-sens-it-paulze-levoir-lemarec-master/hei-2018-2019-lab-sens-it-paulze-levoir-lemarec-master/sensit-sdk-v2.0.0/sdk/lib\libSENSIT_SDK_V2.0.0.a(usbd_ctlreq.o)
 .ARM.attributes
                0x000005ae       0x31 D:/ITI/Senseit/hei-2018-2019-lab-sens-it-paulze-levoir-lemarec-master/hei-2018-2019-lab-sens-it-paulze-levoir-lemarec-master/sensit-sdk-v2.0.0/sdk/lib\libSENSIT_SDK_V2.0.0.a(usbd_ioreq.o)
 .ARM.attributes
                0x000005df       0x31 D:/ITI/Senseit/hei-2018-2019-lab-sens-it-paulze-levoir-lemarec-master/hei-2018-2019-lab-sens-it-paulze-levoir-lemarec-master/sensit-sdk-v2.0.0/sdk/lib\libSENSIT_SDK_V2.0.0.a(watchdog.o)
 .ARM.attributes
                0x00000610       0x31 D:/ITI/Senseit/hei-2018-2019-lab-sens-it-paulze-levoir-lemarec-master/hei-2018-2019-lab-sens-it-paulze-levoir-lemarec-master/sensit-sdk-v2.0.0/sdk/lib\libSENSIT_SDK_V2.0.0.a(adc.o)
 .ARM.attributes
                0x00000641       0x31 D:/ITI/Senseit/hei-2018-2019-lab-sens-it-paulze-levoir-lemarec-master/hei-2018-2019-lab-sens-it-paulze-levoir-lemarec-master/sensit-sdk-v2.0.0/sdk/lib\libSENSIT_SDK_V2.0.0.a(aes.o)
 .ARM.attributes
                0x00000672       0x31 D:/ITI/Senseit/hei-2018-2019-lab-sens-it-paulze-levoir-lemarec-master/hei-2018-2019-lab-sens-it-paulze-levoir-lemarec-master/sensit-sdk-v2.0.0/sdk/lib\libSENSIT_SDK_V2.0.0.a(calib.o)
 .ARM.attributes
                0x000006a3       0x31 D:/ITI/Senseit/hei-2018-2019-lab-sens-it-paulze-levoir-lemarec-master/hei-2018-2019-lab-sens-it-paulze-levoir-lemarec-master/sensit-sdk-v2.0.0/sdk/lib\libSENSIT_SDK_V2.0.0.a(cc1125.o)
 .ARM.attributes
                0x000006d4       0x31 D:/ITI/Senseit/hei-2018-2019-lab-sens-it-paulze-levoir-lemarec-master/hei-2018-2019-lab-sens-it-paulze-levoir-lemarec-master/sensit-sdk-v2.0.0/sdk/lib\libSENSIT_SDK_V2.0.0.a(crc.o)
 .ARM.attributes
                0x00000705       0x31 D:/ITI/Senseit/hei-2018-2019-lab-sens-it-paulze-levoir-lemarec-master/hei-2018-2019-lab-sens-it-paulze-levoir-lemarec-master/sensit-sdk-v2.0.0/sdk/lib\libSENSIT_SDK_V2.0.0.a(flash.o)
 .ARM.attributes
                0x00000736       0x31 D:/ITI/Senseit/hei-2018-2019-lab-sens-it-paulze-levoir-lemarec-master/hei-2018-2019-lab-sens-it-paulze-levoir-lemarec-master/sensit-sdk-v2.0.0/sdk/lib\libSENSIT_SDK_V2.0.0.a(gpio.o)
 .ARM.attributes
                0x00000767       0x31 D:/ITI/Senseit/hei-2018-2019-lab-sens-it-paulze-levoir-lemarec-master/hei-2018-2019-lab-sens-it-paulze-levoir-lemarec-master/sensit-sdk-v2.0.0/sdk/lib\libSENSIT_SDK_V2.0.0.a(i2c.o)
 .ARM.attributes
                0x00000798       0x31 D:/ITI/Senseit/hei-2018-2019-lab-sens-it-paulze-levoir-lemarec-master/hei-2018-2019-lab-sens-it-paulze-levoir-lemarec-master/sensit-sdk-v2.0.0/sdk/lib\libSENSIT_SDK_V2.0.0.a(led.o)
 .ARM.attributes
                0x000007c9       0x31 D:/ITI/Senseit/hei-2018-2019-lab-sens-it-paulze-levoir-lemarec-master/hei-2018-2019-lab-sens-it-paulze-levoir-lemarec-master/sensit-sdk-v2.0.0/sdk/lib\libSENSIT_SDK_V2.0.0.a(my_string.o)
 .ARM.attributes
                0x000007fa       0x31 D:/ITI/Senseit/hei-2018-2019-lab-sens-it-paulze-levoir-lemarec-master/hei-2018-2019-lab-sens-it-paulze-levoir-lemarec-master/sensit-sdk-v2.0.0/sdk/lib\libSENSIT_SDK_V2.0.0.a(rf_api.o)
 .ARM.attributes
                0x0000082b       0x31 D:/ITI/Senseit/hei-2018-2019-lab-sens-it-paulze-levoir-lemarec-master/hei-2018-2019-lab-sens-it-paulze-levoir-lemarec-master/sensit-sdk-v2.0.0/sdk/lib\libSENSIT_SDK_V2.0.0.a(sigfox_crc.o)
 .ARM.attributes
                0x0000085c       0x31 D:/ITI/Senseit/hei-2018-2019-lab-sens-it-paulze-levoir-lemarec-master/hei-2018-2019-lab-sens-it-paulze-levoir-lemarec-master/sensit-sdk-v2.0.0/sdk/lib\libSENSIT_SDK_V2.0.0.a(sigfox_decode.o)
 .ARM.attributes
                0x0000088d       0x31 D:/ITI/Senseit/hei-2018-2019-lab-sens-it-paulze-levoir-lemarec-master/hei-2018-2019-lab-sens-it-paulze-levoir-lemarec-master/sensit-sdk-v2.0.0/sdk/lib\libSENSIT_SDK_V2.0.0.a(sigfox_hmac.o)
 .ARM.attributes
                0x000008be       0x31 D:/ITI/Senseit/hei-2018-2019-lab-sens-it-paulze-levoir-lemarec-master/hei-2018-2019-lab-sens-it-paulze-levoir-lemarec-master/sensit-sdk-v2.0.0/sdk/lib\libSENSIT_SDK_V2.0.0.a(stm32f0xx_hal_pcd.o)
 .ARM.attributes
                0x000008ef       0x31 D:/ITI/Senseit/hei-2018-2019-lab-sens-it-paulze-levoir-lemarec-master/hei-2018-2019-lab-sens-it-paulze-levoir-lemarec-master/sensit-sdk-v2.0.0/sdk/lib\libSENSIT_SDK_V2.0.0.a(modulation.o)
OUTPUT(D:/ITI/Senseit/hei-2018-2019-lab-sens-it-paulze-levoir-lemarec-master/hei-2018-2019-lab-sens-it-paulze-levoir-lemarec-master/sensit-sdk-v2.0.0/sdk/bin/sensit.elf elf32-littlearm)

.debug_info     0x00000000     0x2497
 .debug_info    0x00000000      0x3cb D:/ITI/Senseit/hei-2018-2019-lab-sens-it-paulze-levoir-lemarec-master/hei-2018-2019-lab-sens-it-paulze-levoir-lemarec-master/sensit-sdk-v2.0.0/sdk/obj/error.o
 .debug_info    0x000003cb      0x1e9 D:/ITI/Senseit/hei-2018-2019-lab-sens-it-paulze-levoir-lemarec-master/hei-2018-2019-lab-sens-it-paulze-levoir-lemarec-master/sensit-sdk-v2.0.0/sdk/obj/button.o
 .debug_info    0x000005b4      0x2fa D:/ITI/Senseit/hei-2018-2019-lab-sens-it-paulze-levoir-lemarec-master/hei-2018-2019-lab-sens-it-paulze-levoir-lemarec-master/sensit-sdk-v2.0.0/sdk/obj/battery.o
 .debug_info    0x000008ae       0x92 D:/ITI/Senseit/hei-2018-2019-lab-sens-it-paulze-levoir-lemarec-master/hei-2018-2019-lab-sens-it-paulze-levoir-lemarec-master/sensit-sdk-v2.0.0/sdk/obj/callback.o
 .debug_info    0x00000940      0x4a4 D:/ITI/Senseit/hei-2018-2019-lab-sens-it-paulze-levoir-lemarec-master/hei-2018-2019-lab-sens-it-paulze-levoir-lemarec-master/sensit-sdk-v2.0.0/sdk/obj/radio_api.o
 .debug_info    0x00000de4      0x182 D:/ITI/Senseit/hei-2018-2019-lab-sens-it-paulze-levoir-lemarec-master/hei-2018-2019-lab-sens-it-paulze-levoir-lemarec-master/sensit-sdk-v2.0.0/sdk/obj/etsi.o
 .debug_info    0x00000f66      0x173 D:/ITI/Senseit/hei-2018-2019-lab-sens-it-paulze-levoir-lemarec-master/hei-2018-2019-lab-sens-it-paulze-levoir-lemarec-master/sensit-sdk-v2.0.0/sdk/obj/fcc.o
 .debug_info    0x000010d9      0x357 D:/ITI/Senseit/hei-2018-2019-lab-sens-it-paulze-levoir-lemarec-master/hei-2018-2019-lab-sens-it-paulze-levoir-lemarec-master/sensit-sdk-v2.0.0/sdk/obj/hts221.o
 .debug_info    0x00001430      0x364 D:/ITI/Senseit/hei-2018-2019-lab-sens-it-paulze-levoir-lemarec-master/hei-2018-2019-lab-sens-it-paulze-levoir-lemarec-master/sensit-sdk-v2.0.0/sdk/obj/ltr329.o
 .debug_info    0x00001794      0x4f3 D:/ITI/Senseit/hei-2018-2019-lab-sens-it-paulze-levoir-lemarec-master/hei-2018-2019-lab-sens-it-paulze-levoir-lemarec-master/sensit-sdk-v2.0.0/sdk/obj/fxos8700.o
 .debug_info    0x00001c87      0x2f3 D:/ITI/Senseit/hei-2018-2019-lab-sens-it-paulze-levoir-lemarec-master/hei-2018-2019-lab-sens-it-paulze-levoir-lemarec-master/sensit-sdk-v2.0.0/sdk/obj/discovery.o
 .debug_info    0x00001f7a      0x51d D:/ITI/Senseit/hei-2018-2019-lab-sens-it-paulze-levoir-lemarec-master/hei-2018-2019-lab-sens-it-paulze-levoir-lemarec-master/sensit-sdk-v2.0.0/sdk/obj/main.o

.debug_abbrev   0x00000000      0xe24
 .debug_abbrev  0x00000000      0x133 D:/ITI/Senseit/hei-2018-2019-lab-sens-it-paulze-levoir-lemarec-master/hei-2018-2019-lab-sens-it-paulze-levoir-lemarec-master/sensit-sdk-v2.0.0/sdk/obj/error.o
 .debug_abbrev  0x00000133      0x10e D:/ITI/Senseit/hei-2018-2019-lab-sens-it-paulze-levoir-lemarec-master/hei-2018-2019-lab-sens-it-paulze-levoir-lemarec-master/sensit-sdk-v2.0.0/sdk/obj/button.o
 .debug_abbrev  0x00000241      0x177 D:/ITI/Senseit/hei-2018-2019-lab-sens-it-paulze-levoir-lemarec-master/hei-2018-2019-lab-sens-it-paulze-levoir-lemarec-master/sensit-sdk-v2.0.0/sdk/obj/battery.o
 .debug_abbrev  0x000003b8       0x60 D:/ITI/Senseit/hei-2018-2019-lab-sens-it-paulze-levoir-lemarec-master/hei-2018-2019-lab-sens-it-paulze-levoir-lemarec-master/sensit-sdk-v2.0.0/sdk/obj/callback.o
 .debug_abbrev  0x00000418      0x18b D:/ITI/Senseit/hei-2018-2019-lab-sens-it-paulze-levoir-lemarec-master/hei-2018-2019-lab-sens-it-paulze-levoir-lemarec-master/sensit-sdk-v2.0.0/sdk/obj/radio_api.o
 .debug_abbrev  0x000005a3      0x110 D:/ITI/Senseit/hei-2018-2019-lab-sens-it-paulze-levoir-lemarec-master/hei-2018-2019-lab-sens-it-paulze-levoir-lemarec-master/sensit-sdk-v2.0.0/sdk/obj/etsi.o
 .debug_abbrev  0x000006b3      0x110 D:/ITI/Senseit/hei-2018-2019-lab-sens-it-paulze-levoir-lemarec-master/hei-2018-2019-lab-sens-it-paulze-levoir-lemarec-master/sensit-sdk-v2.0.0/sdk/obj/fcc.o
 .debug_abbrev  0x000007c3      0x137 D:/ITI/Senseit/hei-2018-2019-lab-sens-it-paulze-levoir-lemarec-master/hei-2018-2019-lab-sens-it-paulze-levoir-lemarec-master/sensit-sdk-v2.0.0/sdk/obj/hts221.o
 .debug_abbrev  0x000008fa      0x135 D:/ITI/Senseit/hei-2018-2019-lab-sens-it-paulze-levoir-lemarec-master/hei-2018-2019-lab-sens-it-paulze-levoir-lemarec-master/sensit-sdk-v2.0.0/sdk/obj/ltr329.o
 .debug_abbrev  0x00000a2f      0x15a D:/ITI/Senseit/hei-2018-2019-lab-sens-it-paulze-levoir-lemarec-master/hei-2018-2019-lab-sens-it-paulze-levoir-lemarec-master/sensit-sdk-v2.0.0/sdk/obj/fxos8700.o